Archive member included because of file (symbol)

c:/program files (x86)/atmel/atmel toolchain/arm gcc/native/4.8.1437/arm-gnu-toolchain/bin/../lib/gcc/arm-none-eabi/4.8.4/armv7-m\libgcc.a(_arm_addsubdf3.o)
                              MotorCtrl.o (__aeabi_dsub)
c:/program files (x86)/atmel/atmel toolchain/arm gcc/native/4.8.1437/arm-gnu-toolchain/bin/../lib/gcc/arm-none-eabi/4.8.4/armv7-m\libgcc.a(_arm_muldivdf3.o)
                              MotorCtrl.o (__aeabi_ddiv)
c:/program files (x86)/atmel/atmel toolchain/arm gcc/native/4.8.1437/arm-gnu-toolchain/bin/../lib/gcc/arm-none-eabi/4.8.4/armv7-m\libgcc.a(_arm_fixdfsi.o)
                              MotorCtrl.o (__aeabi_d2iz)
c:/program files (x86)/atmel/atmel toolchain/arm gcc/native/4.8.1437/arm-gnu-toolchain/bin/../lib/gcc/arm-none-eabi/4.8.4/../../../../arm-none-eabi/lib/armv7-m\libc.a(lib_a-exit.o)
                              c:/program files (x86)/atmel/atmel toolchain/arm gcc/native/4.8.1437/arm-gnu-toolchain/bin/../lib/gcc/arm-none-eabi/4.8.4/../../../../arm-none-eabi/lib/armv7-m/crt0.o (exit)
c:/program files (x86)/atmel/atmel toolchain/arm gcc/native/4.8.1437/arm-gnu-toolchain/bin/../lib/gcc/arm-none-eabi/4.8.4/../../../../arm-none-eabi/lib/armv7-m\libc.a(lib_a-impure.o)
                              c:/program files (x86)/atmel/atmel toolchain/arm gcc/native/4.8.1437/arm-gnu-toolchain/bin/../lib/gcc/arm-none-eabi/4.8.4/../../../../arm-none-eabi/lib/armv7-m\libc.a(lib_a-exit.o) (_global_impure_ptr)
c:/program files (x86)/atmel/atmel toolchain/arm gcc/native/4.8.1437/arm-gnu-toolchain/bin/../lib/gcc/arm-none-eabi/4.8.4/../../../../arm-none-eabi/lib/armv7-m\libc.a(lib_a-init.o)
                              c:/program files (x86)/atmel/atmel toolchain/arm gcc/native/4.8.1437/arm-gnu-toolchain/bin/../lib/gcc/arm-none-eabi/4.8.4/../../../../arm-none-eabi/lib/armv7-m/crt0.o (__libc_init_array)
c:/program files (x86)/atmel/atmel toolchain/arm gcc/native/4.8.1437/arm-gnu-toolchain/bin/../lib/gcc/arm-none-eabi/4.8.4/../../../../arm-none-eabi/lib/armv7-m\libc.a(lib_a-memset.o)
                              c:/program files (x86)/atmel/atmel toolchain/arm gcc/native/4.8.1437/arm-gnu-toolchain/bin/../lib/gcc/arm-none-eabi/4.8.4/../../../../arm-none-eabi/lib/armv7-m/crt0.o (memset)
c:/program files (x86)/atmel/atmel toolchain/arm gcc/native/4.8.1437/arm-gnu-toolchain/bin/../lib/gcc/arm-none-eabi/4.8.4/../../../../arm-none-eabi/lib/armv7-m\libc.a(lib_a-strchr.o)
                              UART.o (strchr)
c:/program files (x86)/atmel/atmel toolchain/arm gcc/native/4.8.1437/arm-gnu-toolchain/bin/../lib/gcc/arm-none-eabi/4.8.4/../../../../arm-none-eabi/lib/armv7-m\libc.a(lib_a-strlen.o)
                              UART.o (strlen)
c:/program files (x86)/atmel/atmel toolchain/arm gcc/native/4.8.1437/arm-gnu-toolchain/bin/../lib/gcc/arm-none-eabi/4.8.4/../../../../arm-none-eabi/lib/armv7-m\libc.a(lib_a-strtok.o)
                              UART.o (strtok)
c:/program files (x86)/atmel/atmel toolchain/arm gcc/native/4.8.1437/arm-gnu-toolchain/bin/../lib/gcc/arm-none-eabi/4.8.4/../../../../arm-none-eabi/lib/armv7-m\libc.a(lib_a-strtok_r.o)
                              c:/program files (x86)/atmel/atmel toolchain/arm gcc/native/4.8.1437/arm-gnu-toolchain/bin/../lib/gcc/arm-none-eabi/4.8.4/../../../../arm-none-eabi/lib/armv7-m\libc.a(lib_a-strtok.o) (__strtok_r)
c:/program files (x86)/atmel/atmel toolchain/arm gcc/native/4.8.1437/arm-gnu-toolchain/bin/../lib/gcc/arm-none-eabi/4.8.4/../../../../arm-none-eabi/lib/armv7-m\libc.a(lib_a-strtol.o)
                              UART.o (strtol)
c:/program files (x86)/atmel/atmel toolchain/arm gcc/native/4.8.1437/arm-gnu-toolchain/bin/../lib/gcc/arm-none-eabi/4.8.4/../../../../arm-none-eabi/lib/armv7-m\libc.a(lib_a-__call_atexit.o)
                              c:/program files (x86)/atmel/atmel toolchain/arm gcc/native/4.8.1437/arm-gnu-toolchain/bin/../lib/gcc/arm-none-eabi/4.8.4/../../../../arm-none-eabi/lib/armv7-m\libc.a(lib_a-exit.o) (__call_exitprocs)
c:/program files (x86)/atmel/atmel toolchain/arm gcc/native/4.8.1437/arm-gnu-toolchain/bin/../lib/gcc/arm-none-eabi/4.8.4/../../../../arm-none-eabi/lib/armv7-m\libc.a(lib_a-atexit.o)
                              c:/program files (x86)/atmel/atmel toolchain/arm gcc/native/4.8.1437/arm-gnu-toolchain/bin/../lib/gcc/arm-none-eabi/4.8.4/../../../../arm-none-eabi/lib/armv7-m\libc.a(lib_a-__call_atexit.o) (atexit)
c:/program files (x86)/atmel/atmel toolchain/arm gcc/native/4.8.1437/arm-gnu-toolchain/bin/../lib/gcc/arm-none-eabi/4.8.4/../../../../arm-none-eabi/lib/armv7-m\libc.a(lib_a-ctype_.o)
                              c:/program files (x86)/atmel/atmel toolchain/arm gcc/native/4.8.1437/arm-gnu-toolchain/bin/../lib/gcc/arm-none-eabi/4.8.4/../../../../arm-none-eabi/lib/armv7-m\libc.a(lib_a-strtol.o) (__ctype_ptr__)
[...]
Memory Configuration

Name             Origin             Length             Attributes
rom              0x00080000         0x00080000         xr
ram              0x20000000         0x00018000         xrw
*default*        0x00000000         0xffffffff

Linker script and memory map

LOAD c:/program files (x86)/atmel/atmel toolchain/arm gcc/native/4.8.1437/arm-gnu-toolchain/bin/../lib/gcc/arm-none-eabi/4.8.4/armv7-m/crti.o
LOAD c:/program files (x86)/atmel/atmel toolchain/arm gcc/native/4.8.1437/arm-gnu-toolchain/bin/../lib/gcc/arm-none-eabi/4.8.4/armv7-m/crtbegin.o
LOAD c:/program files (x86)/atmel/atmel toolchain/arm gcc/native/4.8.1437/arm-gnu-toolchain/bin/../lib/gcc/arm-none-eabi/4.8.4/../../../../arm-none-eabi/lib/armv7-m/crt0.o
LOAD cmsis/src/startup_sam3xa.o
LOAD cmsis/src/system_sam3xa.o
LOAD Encoders.o
LOAD GccApplication1.o
LOAD InitCfg.o
LOAD MotorCtrl.o
LOAD TmrCfg.o
LOAD UART.o
START GROUP
LOAD c:/program files (x86)/atmel/atmel toolchain/arm gcc/native/4.8.1437/arm-gnu-toolchain/bin/../lib/gcc/arm-none-eabi/4.8.4/../../../../arm-none-eabi/lib/armv7-m\libm.a
END GROUP
START GROUP
LOAD c:/program files (x86)/atmel/atmel toolchain/arm gcc/native/4.8.1437/arm-gnu-toolchain/bin/../lib/gcc/arm-none-eabi/4.8.4/armv7-m\libgcc.a
LOAD c:/program files (x86)/atmel/atmel toolchain/arm gcc/native/4.8.1437/arm-gnu-toolchain/bin/../lib/gcc/arm-none-eabi/4.8.4/../../../../arm-none-eabi/lib/armv7-m\libc.a
END GROUP
LOAD c:/program files (x86)/atmel/atmel toolchain/arm gcc/native/4.8.1437/arm-gnu-toolchain/bin/../lib/gcc/arm-none-eabi/4.8.4/armv7-m/crtend.o
LOAD c:/program files (x86)/atmel/atmel toolchain/arm gcc/native/4.8.1437/arm-gnu-toolchain/bin/../lib/gcc/arm-none-eabi/4.8.4/armv7-m/crtn.o
                0x00000400                STACK_SIZE = DEFINED (STACK_SIZE)?STACK_SIZE:0x400
                0x00000200                HEAP_SIZE = DEFINED (HEAP_SIZE)?HEAP_SIZE:0x200

.text           0x00080000     0x1adc
                0x00080000                . = ALIGN (0x4)
                0x00080000                _sfixed = .
 *(.vectors .vectors.*)
 .vectors       0x00080000       0xf4 cmsis/src/startup_sam3xa.o
                0x00080000                exception_table
 *(.text .text.* .gnu.linkonce.t.*)
 .text          0x000800f4       0x54 c:/program files (x86)/atmel/atmel toolchain/arm gcc/native/4.8.1437/arm-gnu-toolchain/bin/../lib/gcc/arm-none-eabi/4.8.4/armv7-m/crtbegin.o
 .text.Reset_Handler
                0x00080148       0x88 cmsis/src/startup_sam3xa.o
                0x00080148                Reset_Handler
 .text.Dummy_Handler
                0x000801d0        0x8 cmsis/src/startup_sam3xa.o
                0x000801d0                DACC_Handler
                0x000801d0                DebugMon_Handler
                0x000801d0                DMAC_Handler
                0x000801d0                TRNG_Handler
                0x000801d0                HardFault_Handler
                0x000801d0                TC2_Handler
                0x000801d0                SysTick_Handler
                0x000801d0                USART3_Handler
                0x000801d0                TWI1_Handler
                0x000801d0                PendSV_Handler
                0x000801d0                NMI_Handler
                0x000801d0                TC7_Handler
                0x000801d0                ADC_Handler
                0x000801d0                SMC_Handler
                0x000801d0                USART0_Handler
                0x000801d0                RTT_Handler
                0x000801d0                EFC1_Handler
                0x000801d0                RTC_Handler
                0x000801d0                UsageFault_Handler
                0x000801d0                TC6_Handler
                0x000801d0                WDT_Handler
                0x000801d0                CAN0_Handler
                0x000801d0                TC4_Handler
                0x000801d0                TC1_Handler
                0x000801d0                HSMCI_Handler
                0x000801d0                TC3_Handler
                0x000801d0                Dummy_Handler
                0x000801d0                TWI0_Handler
                0x000801d0                USART1_Handler
                0x000801d0                PIOA_Handler
                0x000801d0                SSC_Handler
                0x000801d0                EFC0_Handler
                0x000801d0                PMC_Handler
                0x000801d0                PWM_Handler
                0x000801d0                CAN1_Handler
                0x000801d0                MemManage_Handler
                0x000801d0                SUPC_Handler
                0x000801d0                SVC_Handler
                0x000801d0                TC8_Handler
                0x000801d0                USART2_Handler
                0x000801d0                EMAC_Handler
                0x000801d0                PIOC_Handler
                0x000801d0                BusFault_Handler
                0x000801d0                RSTC_Handler
                0x000801d0                TC5_Handler
                0x000801d0                UOTGHS_Handler
                0x000801d0                SPI0_Handler
 .text.SystemInit
                0x000801d8       0xd0 cmsis/src/system_sam3xa.o
                0x000801d8                SystemInit
 .text.PIOB_Handler
                0x000802a8       0x38 Encoders.o
                0x000802a8                PIOB_Handler
 .text.PIOD_Handler
                0x000802e0       0x38 Encoders.o
                0x000802e0                PIOD_Handler
 .text.main     0x00080318       0x8c GccApplication1.o
                0x00080318                main
 .text.NVIC_EnableIRQ
                0x000803a4       0x30 InitCfg.o
 .text.Pin_Configuration
                0x000803d4      0x1d8 InitCfg.o
                0x000803d4                Pin_Configuration
 .text.InitPWMController_MCLK
                0x000805ac       0x68 MotorCtrl.o
                0x000805ac                InitPWMController_MCLK
 .text.SetPeriod
                0x00080614       0x4c MotorCtrl.o
 .text.SetDuty  0x00080660       0x4c MotorCtrl.o
 *fill*         0x000806ac        0x4 
 .text.WriteMotors
                0x000806b0       0xb8 MotorCtrl.o
                0x000806b0                WriteMotors
 .text.InitMotors
                0x00080768       0x78 MotorCtrl.o
                0x00080768                InitMotors
 .text.ControlledDrive
                0x000807e0       0xc0 MotorCtrl.o
                0x000807e0                ControlledDrive
 .text.NVIC_EnableIRQ
                0x000808a0       0x30 TmrCfg.o
 .text.Configure_Timers
                0x000808d0       0x10 TmrCfg.o
                0x000808d0                Configure_Timers
 .text.Configure_TC0
                0x000808e0       0x4c TmrCfg.o
                0x000808e0                Configure_TC0
 .text.TC0_Handler
                0x0008092c       0x24 TmrCfg.o
                0x0008092c                TC0_Handler
 .text.delay_ms
                0x00080950       0x40 TmrCfg.o
                0x00080950                delay_ms
 .text.NVIC_EnableIRQ
                0x00080990       0x30 UART.o
 .text.uart_getchar
                0x000809c0       0x34 UART.o
                0x000809c0                uart_getchar
 .text.uart_putchar
                0x000809f4       0x34 UART.o
                0x000809f4                uart_putchar
 .text.UART_Handler
                0x00080a28       0x90 UART.o
                0x00080a28                UART_Handler
 .text.sendString
                0x00080ab8       0x40 UART.o
                0x00080ab8                sendString
 .text.getNewSpeed
                0x00080af8       0x24 UART.o
                0x00080af8                getNewSpeed
 .text.parseSpeed
                0x00080b1c      0x108 UART.o
                0x00080b1c                parseSpeed
 .text.configure_uart
                0x00080c24       0xb8 UART.o
                0x00080c24                configure_uart
 .text          0x00080cdc      0x370 c:/program files (x86)/atmel/atmel toolchain/arm gcc/native/4.8.1437/arm-gnu-toolchain/bin/../lib/gcc/arm-none-eabi/4.8.4/armv7-m\libgcc.a(_arm_addsubdf3.o)
                0x00080cdc                __aeabi_drsub
                0x00080ce4                __aeabi_dsub
                0x00080ce4                __subdf3
                0x00080ce8                __aeabi_dadd
                0x00080ce8                __adddf3
                0x00080f60                __floatunsidf
                0x00080f60                __aeabi_ui2d
                0x00080f80                __floatsidf
                0x00080f80                __aeabi_i2d
                0x00080fa4                __aeabi_f2d
                0x00080fa4                __extendsfdf2
                0x00080fe0                __floatundidf
                0x00080fe0                __aeabi_ul2d
                0x00080ff0                __floatdidf
                0x00080ff0                __aeabi_l2d
 .text          0x0008104c      0x424 c:/program files (x86)/atmel/atmel toolchain/arm gcc/native/4.8.1437/arm-gnu-toolchain/bin/../lib/gcc/arm-none-eabi/4.8.4/armv7-m\libgcc.a(_arm_muldivdf3.o)
                0x0008104c                __aeabi_dmul
                0x0008104c                __muldf3
                0x000812a0                __divdf3
                0x000812a0                __aeabi_ddiv
 .text          0x00081470       0x50 c:/program files (x86)/atmel/atmel toolchain/arm gcc/native/4.8.1437/arm-gnu-toolchain/bin/../lib/gcc/arm-none-eabi/4.8.4/armv7-m\libgcc.a(_arm_fixdfsi.o)
                0x00081470                __aeabi_d2iz
                0x00081470                __fixdfsi
 .text.__libc_init_array
                0x000814c0       0x50 c:/program files (x86)/atmel/atmel toolchain/arm gcc/native/4.8.1437/arm-gnu-toolchain/bin/../lib/gcc/arm-none-eabi/4.8.4/../../../../arm-none-eabi/lib/armv7-m\libc.a(lib_a-init.o)
                0x000814c0                __libc_init_array
 .text.memset   0x00081510       0x94 c:/program files (x86)/atmel/atmel toolchain/arm gcc/native/4.8.1437/arm-gnu-toolchain/bin/../lib/gcc/arm-none-eabi/4.8.4/../../../../arm-none-eabi/lib/armv7-m\libc.a(lib_a-memset.o)
                0x00081510                memset
 .text.strchr   0x000815a4       0xf4 c:/program files (x86)/atmel/atmel toolchain/arm gcc/native/4.8.1437/arm-gnu-toolchain/bin/../lib/gcc/arm-none-eabi/4.8.4/../../../../arm-none-eabi/lib/armv7-m\libc.a(lib_a-strchr.o)
                0x000815a4                strchr
 .text.strlen   0x00081698       0x60 c:/program files (x86)/atmel/atmel toolchain/arm gcc/native/4.8.1437/arm-gnu-toolchain/bin/../lib/gcc/arm-none-eabi/4.8.4/../../../../arm-none-eabi/lib/armv7-m\libc.a(lib_a-strlen.o)
                0x00081698                strlen
 .text.strtok   0x000816f8       0x10 c:/program files (x86)/atmel/atmel toolchain/arm gcc/native/4.8.1437/arm-gnu-toolchain/bin/../lib/gcc/arm-none-eabi/4.8.4/../../../../arm-none-eabi/lib/armv7-m\libc.a(lib_a-strtok.o)
                0x000816f8                strtok
 .text.__strtok_r
                0x00081708       0x64 c:/program files (x86)/atmel/atmel toolchain/arm gcc/native/4.8.1437/arm-gnu-toolchain/bin/../lib/gcc/arm-none-eabi/4.8.4/../../../../arm-none-eabi/lib/armv7-m\libc.a(lib_a-strtok_r.o)
                0x00081708                __strtok_r
 .text._strtol_r
                0x0008176c      0x114 c:/program files (x86)/atmel/atmel toolchain/arm gcc/native/4.8.1437/arm-gnu-toolchain/bin/../lib/gcc/arm-none-eabi/4.8.4/../../../../arm-none-eabi/lib/armv7-m\libc.a(lib_a-strtol.o)
                0x0008176c                _strtol_r
 .text.strtol   0x00081880       0x18 c:/program files (x86)/atmel/atmel toolchain/arm gcc/native/4.8.1437/arm-gnu-toolchain/bin/../lib/gcc/arm-none-eabi/4.8.4/../../../../arm-none-eabi/lib/armv7-m\libc.a(lib_a-strtol.o)
                0x00081880                strtol
 .text.startup.register_fini
                0x00081898       0x14 c:/program files (x86)/atmel/atmel toolchain/arm gcc/native/4.8.1437/arm-gnu-toolchain/bin/../lib/gcc/arm-none-eabi/4.8.4/../../../../arm-none-eabi/lib/armv7-m\libc.a(lib_a-__call_atexit.o)
 .text.atexit   0x000818ac        0xc c:/program files (x86)/atmel/atmel toolchain/arm gcc/native/4.8.1437/arm-gnu-toolchain/bin/../lib/gcc/arm-none-eabi/4.8.4/../../../../arm-none-eabi/lib/armv7-m\libc.a(lib_a-atexit.o)
                0x000818ac                atexit
 .text.__libc_fini_array
                0x000818b8       0x30 c:/program files (x86)/atmel/atmel toolchain/arm gcc/native/4.8.1437/arm-gnu-toolchain/bin/../lib/gcc/arm-none-eabi/4.8.4/../../../../arm-none-eabi/lib/armv7-m\libc.a(lib_a-fini.o)
                0x000818b8                __libc_fini_array
 .text.__register_exitproc
                0x000818e8       0xa8 c:/program files (x86)/atmel/atmel toolchain/arm gcc/native/4.8.1437/arm-gnu-toolchain/bin/../lib/gcc/arm-none-eabi/4.8.4/../../../../arm-none-eabi/lib/armv7-m\libc.a(lib_a-__atexit.o)
                0x000818e8                __register_exitproc
 *(.glue_7t)
 .glue_7t       0x00000000        0x0 linker stubs
 *(.glue_7)
 .glue_7        0x00000000        0x0 linker stubs
 *(.rodata .rodata* .gnu.linkonce.r.*)
 .rodata        0x00081990       0x1c UART.o
 .rodata.str1.4
                0x000819ac        0x4 c:/program files (x86)/atmel/atmel toolchain/arm gcc/native/4.8.1437/arm-gnu-toolchain/bin/../lib/gcc/arm-none-eabi/4.8.4/../../../../arm-none-eabi/lib/armv7-m\libc.a(lib_a-impure.o)
 .rodata._global_impure_ptr
                0x000819b0        0x4 c:/program files (x86)/atmel/atmel toolchain/arm gcc/native/4.8.1437/arm-gnu-toolchain/bin/../lib/gcc/arm-none-eabi/4.8.4/../../../../arm-none-eabi/lib/armv7-m\libc.a(lib_a-impure.o)
                0x000819b0                _global_impure_ptr
 .rodata._ctype_
                0x000819b4      0x104 c:/program files (x86)/atmel/atmel toolchain/arm gcc/native/4.8.1437/arm-gnu-toolchain/bin/../lib/gcc/arm-none-eabi/4.8.4/../../../../arm-none-eabi/lib/armv7-m\libc.a(lib_a-ctype_.o)
                0x000819b4                _ctype_
 *(.ARM.extab* .gnu.linkonce.armextab.*)
                0x00081ab8                . = ALIGN (0x4)
 *(.init)
 .init          0x00081ab8        0x4 c:/program files (x86)/atmel/atmel toolchain/arm gcc/native/4.8.1437/arm-gnu-toolchain/bin/../lib/gcc/arm-none-eabi/4.8.4/armv7-m/crti.o
                0x00081ab8                _init
 .init          0x00081abc        0x8 c:/program files (x86)/atmel/atmel toolchain/arm gcc/native/4.8.1437/arm-gnu-toolchain/bin/../lib/gcc/arm-none-eabi/4.8.4/armv7-m/crtn.o
                0x00081ac4                . = ALIGN (0x4)
                0x00081ac4                __preinit_array_start = .
 *(.preinit_array)
                0x00081ac4                __preinit_array_end = .
                0x00081ac4                . = ALIGN (0x4)
                0x00081ac4                __init_array_start = .
 *(SORT(.init_array.*))
 .init_array.00000
                0x00081ac4        0x4 c:/program files (x86)/atmel/atmel toolchain/arm gcc/native/4.8.1437/arm-gnu-toolchain/bin/../lib/gcc/arm-none-eabi/4.8.4/../../../../arm-none-eabi/lib/armv7-m\libc.a(lib_a-__call_atexit.o)
 *(.init_array)
 .init_array    0x00081ac8        0x4 c:/program files (x86)/atmel/atmel toolchain/arm gcc/native/4.8.1437/arm-gnu-toolchain/bin/../lib/gcc/arm-none-eabi/4.8.4/armv7-m/crtbegin.o
                0x00081acc                __init_array_end = .
                0x00081acc                . = ALIGN (0x4)
 *crtbegin.o(.ctors)
 *(EXCLUDE_FILE(*crtend.o) .ctors)
 *(SORT(.ctors.*))
 *crtend.o(.ctors)
                0x00081acc                . = ALIGN (0x4)
 *(.fini)
 .fini          0x00081acc        0x4 c:/program files (x86)/atmel/atmel toolchain/arm gcc/native/4.8.1437/arm-gnu-toolchain/bin/../lib/gcc/arm-none-eabi/4.8.4/armv7-m/crti.o
                0x00081acc                _fini
 .fini          0x00081ad0        0x8 c:/program files (x86)/atmel/atmel toolchain/arm gcc/native/4.8.1437/arm-gnu-toolchain/bin/../lib/gcc/arm-none-eabi/4.8.4/armv7-m/crtn.o
                0x00081ad8                . = ALIGN (0x4)
                0x00081ad8                __fini_array_start = .
 *(.fini_array)
 .fini_array    0x00081ad8        0x4 c:/program files (x86)/atmel/atmel toolchain/arm gcc/native/4.8.1437/arm-gnu-toolchain/bin/../lib/gcc/arm-none-eabi/4.8.4/armv7-m/crtbegin.o
 *(SORT(.fini_array.*))
                0x00081adc                __fini_array_end = .
 *crtbegin.o(.dtors)
 *(EXCLUDE_FILE(*crtend.o) .dtors)
 *(SORT(.dtors.*))
 *crtend.o(.dtors)
                0x00081adc                . = ALIGN (0x4)
                0x00081adc                _efixed = .
                0x00081adc                PROVIDE (__exidx_start, .)

.vfp11_veneer   0x00081adc        0x0
 .vfp11_veneer  0x00000000        0x0 linker stubs

.v4_bx          0x00081adc        0x0
 .v4_bx         0x00000000        0x0 linker stubs

.iplt           0x00081adc        0x0
 .iplt          0x00000000        0x0 c:/program files (x86)/atmel/atmel toolchain/arm gcc/native/4.8.1437/arm-gnu-toolchain/bin/../lib/gcc/arm-none-eabi/4.8.4/armv7-m/crtbegin.o

.eh_frame       0x00081adc        0x0
 .eh_frame      0x00081adc        0x0 c:/program files (x86)/atmel/atmel toolchain/arm gcc/native/4.8.1437/arm-gnu-toolchain/bin/../lib/gcc/arm-none-eabi/4.8.4/armv7-m/crtbegin.o

.rel.dyn        0x00081adc        0x0
 .rel.iplt      0x00000000        0x0 c:/program files (x86)/atmel/atmel toolchain/arm gcc/native/4.8.1437/arm-gnu-toolchain/bin/../lib/gcc/arm-none-eabi/4.8.4/armv7-m/crtbegin.o

.jcr            0x00081adc        0x0
 .jcr           0x00081adc        0x0 c:/program files (x86)/atmel/atmel toolchain/arm gcc/native/4.8.1437/arm-gnu-toolchain/bin/../lib/gcc/arm-none-eabi/4.8.4/armv7-m/crtbegin.o

.igot.plt       0x00081adc        0x0
 .igot.plt      0x00000000        0x0 c:/program files (x86)/atmel/atmel toolchain/arm gcc/native/4.8.1437/arm-gnu-toolchain/bin/../lib/gcc/arm-none-eabi/4.8.4/armv7-m/crtbegin.o

.ARM.exidx
 *(.ARM.exidx* .gnu.linkonce.armexidx.*)
                0x00081adc                PROVIDE (__exidx_end, .)
                0x00081adc                . = ALIGN (0x4)
                0x00081adc                _etext = .

.relocate       0x20000000      0x438 load address 0x00081adc
                0x20000000                . = ALIGN (0x4)
                0x20000000                _srelocate = .
 *(.ramfunc .ramfunc.*)
 *(.data .data.*)
 .data          0x20000000        0x4 cmsis/src/system_sam3xa.o
                0x20000000                SystemCoreClock
 *fill*         0x20000004        0x4 
 .data.impure_data
                0x20000008      0x428 c:/program files (x86)/atmel/atmel toolchain/arm gcc/native/4.8.1437/arm-gnu-toolchain/bin/../lib/gcc/arm-none-eabi/4.8.4/../../../../arm-none-eabi/lib/armv7-m\libc.a(lib_a-impure.o)
 .data._impure_ptr
                0x20000430        0x4 c:/program files (x86)/atmel/atmel toolchain/arm gcc/native/4.8.1437/arm-gnu-toolchain/bin/../lib/gcc/arm-none-eabi/4.8.4/../../../../arm-none-eabi/lib/armv7-m\libc.a(lib_a-impure.o)
                0x20000430                _impure_ptr
 .data.__ctype_ptr__
                0x20000434        0x4 c:/program files (x86)/atmel/atmel toolchain/arm gcc/native/4.8.1437/arm-gnu-toolchain/bin/../lib/gcc/arm-none-eabi/4.8.4/../../../../arm-none-eabi/lib/armv7-m\libc.a(lib_a-ctype_.o)
                0x20000434                __ctype_ptr__
                0x20000438                . = ALIGN (0x4)
                0x20000438                _erelocate = .

.bss            0x20000438       0x58 load address 0x00081f14
                0x20000438                . = ALIGN (0x4)
                0x20000438                _sbss = .
                0x20000438                _szero = .
 *(.bss .bss.*)
 .bss           0x20000438       0x1c c:/program files (x86)/atmel/atmel toolchain/arm gcc/native/4.8.1437/arm-gnu-toolchain/bin/../lib/gcc/arm-none-eabi/4.8.4/armv7-m/crtbegin.o
 .bss           0x20000454        0x1 GccApplication1.o
                0x20000454                flag12
 .bss           0x20000455        0x2 TmrCfg.o
                0x20000455                iDelay
                0x20000456                iFlag
 *fill*         0x20000457        0x1 
 .bss           0x20000458        0x4 UART.o
                0x20000458                i
 *(COMMON)
 COMMON         0x2000045c       0x18 Encoders.o
                0x2000045c                iEncoder_ST
                0x20000460                iEncoder_DR_current
                0x20000464                iEncoder_ST_current
                0x20000468                iSpeed_DR
                0x2000046c                iSpeed_ST
                0x20000470                iEncoder_DR
 COMMON         0x20000474       0x1c UART.o
                0x20000474                newSpeed
                0x20000478                buffer
                0x2000048c                percentage_DR
                0x2000048d                sign_DR
                0x2000048e                sign_ST
                0x2000048f                percentage_ST
                0x20000490                . = ALIGN (0x4)
                0x20000490                _ebss = .
                0x20000490                _ezero = .

.stack          0x20000490      0x400 load address 0x00081f6c
                0x20000490                . = ALIGN (0x8)
                0x20000490                _sstack = .
                0x20000890                . = (. + STACK_SIZE)
 *fill*         0x20000490      0x400 
                0x20000890                . = ALIGN (0x8)
                0x20000890                _estack = .

.heap           0x20000890      0x200 load address 0x0008236c
                0x20000890                . = ALIGN (0x8)
                0x20000890                _sheap = .
                0x20000a90                . = (. + HEAP_SIZE)
 *fill*         0x20000890      0x200 
                0x20000a90                . = ALIGN (0x8)
                0x20000a90                _eheap = .
                0x20000a90                . = ALIGN (0x4)
                0x20000a90                _end = .
                0x20017fff                _ram_end_ = ((ORIGIN (ram) + 0x18000) - 0x1)
OUTPUT(GccApplication1.elf elf32-littlearm)

.ARM.attributes
                0x00000000       0x29
 .ARM.attributes
                0x00000000       0x1d c:/program files (x86)/atmel/atmel toolchain/arm gcc/native/4.8.1437/arm-gnu-toolchain/bin/../lib/gcc/arm-none-eabi/4.8.4/armv7-m/crti.o
 .ARM.attributes
                0x0000001d       0x2d c:/program files (x86)/atmel/atmel toolchain/arm gcc/native/4.8.1437/arm-gnu-toolchain/bin/../lib/gcc/arm-none-eabi/4.8.4/armv7-m/crtbegin.o
 .ARM.attributes
                0x0000004a       0x33 cmsis/src/startup_sam3xa.o
 .ARM.attributes
                0x0000007d       0x33 cmsis/src/system_sam3xa.o
 .ARM.attributes
                0x000000b0       0x33 Encoders.o
 .ARM.attributes
                0x000000e3       0x33 GccApplication1.o
 .ARM.attributes
                0x00000116       0x33 InitCfg.o
 .ARM.attributes
                0x00000149       0x33 MotorCtrl.o
 .ARM.attributes
                0x0000017c       0x33 TmrCfg.o
 .ARM.attributes
                0x000001af       0x33 UART.o
 .ARM.attributes
                0x000001e2       0x1d c:/program files (x86)/atmel/atmel toolchain/arm gcc/native/4.8.1437/arm-gnu-toolchain/bin/../lib/gcc/arm-none-eabi/4.8.4/armv7-m\libgcc.a(_arm_addsubdf3.o)
 .ARM.attributes
                0x000001ff       0x1d c:/program files (x86)/atmel/atmel toolchain/arm gcc/native/4.8.1437/arm-gnu-toolchain/bin/../lib/gcc/arm-none-eabi/4.8.4/armv7-m\libgcc.a(_arm_muldivdf3.o)
 .ARM.attributes
                0x0000021c       0x1d c:/program files (x86)/atmel/atmel toolchain/arm gcc/native/4.8.1437/arm-gnu-toolchain/bin/../lib/gcc/arm-none-eabi/4.8.4/armv7-m\libgcc.a(_arm_fixdfsi.o)
 .ARM.attributes
                0x00000239       0x2d c:/program files (x86)/atmel/atmel toolchain/arm gcc/native/4.8.1437/arm-gnu-toolchain/bin/../lib/gcc/arm-none-eabi/4.8.4/../../../../arm-none-eabi/lib/armv7-m\libc.a(lib_a-impure.o)
 .ARM.attributes
                0x00000266       0x2d c:/program files (x86)/atmel/atmel toolchain/arm gcc/native/4.8.1437/arm-gnu-toolchain/bin/../lib/gcc/arm-none-eabi/4.8.4/../../../../arm-none-eabi/lib/armv7-m\libc.a(lib_a-init.o)
 .ARM.attributes
                0x00000293       0x2d c:/program files (x86)/atmel/atmel toolchain/arm gcc/native/4.8.1437/arm-gnu-toolchain/bin/../lib/gcc/arm-none-eabi/4.8.4/../../../../arm-none-eabi/lib/armv7-m\libc.a(lib_a-memset.o)
 .ARM.attributes
                0x000002c0       0x2d c:/program files (x86)/atmel/atmel toolchain/arm gcc/native/4.8.1437/arm-gnu-toolchain/bin/../lib/gcc/arm-none-eabi/4.8.4/../../../../arm-none-eabi/lib/armv7-m\libc.a(lib_a-strchr.o)
 .ARM.attributes
                0x000002ed       0x2d c:/program files (x86)/atmel/atmel toolchain/arm gcc/native/4.8.1437/arm-gnu-toolchain/bin/../lib/gcc/arm-none-eabi/4.8.4/../../../../arm-none-eabi/lib/armv7-m\libc.a(lib_a-strlen.o)
 .ARM.attributes
                0x0000031a       0x2d c:/program files (x86)/atmel/atmel toolchain/arm gcc/native/4.8.1437/arm-gnu-toolchain/bin/../lib/gcc/arm-none-eabi/4.8.4/../../../../arm-none-eabi/lib/armv7-m\libc.a(lib_a-strtok.o)
 .ARM.attributes
                0x00000347       0x2d c:/program files (x86)/atmel/atmel toolchain/arm gcc/native/4.8.1437/arm-gnu-toolchain/bin/../lib/gcc/arm-none-eabi/4.8.4/../../../../arm-none-eabi/lib/armv7-m\libc.a(lib_a-strtok_r.o)
 .ARM.attributes
                0x00000374       0x2d c:/program files (x86)/atmel/atmel toolchain/arm gcc/native/4.8.1437/arm-gnu-toolchain/bin/../lib/gcc/arm-none-eabi/4.8.4/../../../../arm-none-eabi/lib/armv7-m\libc.a(lib_a-strtol.o)
 .ARM.attributes
                0x000003a1       0x2d c:/program files (x86)/atmel/atmel toolchain/arm gcc/native/4.8.1437/arm-gnu-toolchain/bin/../lib/gcc/arm-none-eabi/4.8.4/../../../../arm-none-eabi/lib/armv7-m\libc.a(lib_a-__call_atexit.o)
 .ARM.attributes
                0x000003ce       0x2d c:/program files (x86)/atmel/atmel toolchain/arm gcc/native/4.8.1437/arm-gnu-toolchain/bin/../lib/gcc/arm-none-eabi/4.8.4/../../../../arm-none-eabi/lib/armv7-m\libc.a(lib_a-atexit.o)
 .ARM.attributes
                0x000003fb       0x2d c:/program files (x86)/atmel/atmel toolchain/arm gcc/native/4.8.1437/arm-gnu-toolchain/bin/../lib/gcc/arm-none-eabi/4.8.4/../../../../arm-none-eabi/lib/armv7-m\libc.a(lib_a-ctype_.o)
 .ARM.attributes
                0x00000428       0x2d c:/program files (x86)/atmel/atmel toolchain/arm gcc/native/4.8.1437/arm-gnu-toolchain/bin/../lib/gcc/arm-none-eabi/4.8.4/../../../../arm-none-eabi/lib/armv7-m\libc.a(lib_a-fini.o)
 .ARM.attributes
                0x00000455       0x2d c:/program files (x86)/atmel/atmel toolchain/arm gcc/native/4.8.1437/arm-gnu-toolchain/bin/../lib/gcc/arm-none-eabi/4.8.4/../../../../arm-none-eabi/lib/armv7-m\libc.a(lib_a-__atexit.o)
 .ARM.attributes
                0x00000482       0x1d c:/program files (x86)/atmel/atmel toolchain/arm gcc/native/4.8.1437/arm-gnu-toolchain/bin/../lib/gcc/arm-none-eabi/4.8.4/armv7-m/crtn.o

.comment        0x00000000       0x5b
 .comment       0x00000000       0x5b cmsis/src/startup_sam3xa.o
                                 0x5c (size before relaxing)
 .comment       0x00000000       0x5c cmsis/src/system_sam3xa.o
 .comment       0x00000000       0x5c Encoders.o
 .comment       0x00000000       0x5c GccApplication1.o
 .comment       0x00000000       0x5c InitCfg.o
 .comment       0x00000000       0x5c MotorCtrl.o
 .comment       0x00000000       0x5c TmrCfg.o
 .comment       0x00000000       0x5c UART.o

.debug_info     0x00000000     0x43a3
 .debug_info    0x00000000      0x6e5 cmsis/src/startup_sam3xa.o
 .debug_info    0x000006e5      0x454 cmsis/src/system_sam3xa.o
 .debug_info    0x00000b39      0x51f Encoders.o
 .debug_info    0x00001058      0x5cc GccApplication1.o
 .debug_info    0x00001624      0x9c4 InitCfg.o
 .debug_info    0x00001fe8      0xd36 MotorCtrl.o
 .debug_info    0x00002d1e      0x85f TmrCfg.o
 .debug_info    0x0000357d      0xe26 UART.o

.debug_abbrev   0x00000000      0x9f5
 .debug_abbrev  0x00000000      0x136 cmsis/src/startup_sam3xa.o
 .debug_abbrev  0x00000136       0xf5 cmsis/src/system_sam3xa.o
 .debug_abbrev  0x0000022b       0xbf Encoders.o
 .debug_abbrev  0x000002ea       0xfb GccApplication1.o
 .debug_abbrev  0x000003e5      0x13b InitCfg.o
 .debug_abbrev  0x00000520      0x13c MotorCtrl.o
 .debug_abbrev  0x0000065c      0x18d TmrCfg.o
 .debug_abbrev  0x000007e9      0x20c UART.o

.debug_loc      0x00000000      0x690
 .debug_loc     0x00000000       0x64 cmsis/src/startup_sam3xa.o
 .debug_loc     0x00000064       0x90 cmsis/src/system_sam3xa.o
 .debug_loc     0x000000f4       0x58 Encoders.o
 .debug_loc     0x0000014c       0x58 GccApplication1.o
 .debug_loc     0x000001a4       0x64 InitCfg.o
 .debug_loc     0x00000208      0x170 MotorCtrl.o
 .debug_loc     0x00000378       0xf4 TmrCfg.o
 .debug_loc     0x0000046c      0x224 UART.o

.debug_aranges  0x00000000      0x1c8
 .debug_aranges
                0x00000000       0x28 cmsis/src/startup_sam3xa.o
 .debug_aranges
                0x00000028       0x30 cmsis/src/system_sam3xa.o
 .debug_aranges
                0x00000058       0x28 Encoders.o
 .debug_aranges
                0x00000080       0x28 GccApplication1.o
 .debug_aranges
                0x000000a8       0x28 InitCfg.o
 .debug_aranges
                0x000000d0       0x50 MotorCtrl.o
 .debug_aranges
                0x00000120       0x40 TmrCfg.o
 .debug_aranges
                0x00000160       0x68 UART.o

.debug_ranges   0x00000000      0x148
 .debug_ranges  0x00000000       0x18 cmsis/src/startup_sam3xa.o
 .debug_ranges  0x00000018       0x20 cmsis/src/system_sam3xa.o
 .debug_ranges  0x00000038       0x18 Encoders.o
 .debug_ranges  0x00000050       0x18 GccApplication1.o
 .debug_ranges  0x00000068       0x18 InitCfg.o
 .debug_ranges  0x00000080       0x40 MotorCtrl.o
 .debug_ranges  0x000000c0       0x30 TmrCfg.o
 .debug_ranges  0x000000f0       0x58 UART.o

.debug_macro    0x00000000    0x11f10
 .debug_macro   0x00000000      0x332 cmsis/src/startup_sam3xa.o
 .debug_macro   0x00000332      0x856 cmsis/src/startup_sam3xa.o
 .debug_macro   0x00000b88       0x16 cmsis/src/startup_sam3xa.o
 .debug_macro   0x00000b9e       0x44 cmsis/src/startup_sam3xa.o
 .debug_macro   0x00000be2      0x209 cmsis/src/startup_sam3xa.o
 .debug_macro   0x00000deb       0x20 cmsis/src/startup_sam3xa.o
 .debug_macro   0x00000e0b       0x3a cmsis/src/startup_sam3xa.o
 .debug_macro   0x00000e45       0x2d cmsis/src/startup_sam3xa.o
 .debug_macro   0x00000e72      0xbb1 cmsis/src/startup_sam3xa.o
 .debug_macro   0x00001a23      0xa7d cmsis/src/startup_sam3xa.o
 .debug_macro   0x000024a0      0x55a cmsis/src/startup_sam3xa.o
 .debug_macro   0x000029fa      0x1a8 cmsis/src/startup_sam3xa.o
 .debug_macro   0x00002ba2      0x30b cmsis/src/startup_sam3xa.o
 .debug_macro   0x00002ead      0x709 cmsis/src/startup_sam3xa.o
 .debug_macro   0x000035b6       0xd6 cmsis/src/startup_sam3xa.o
 .debug_macro   0x0000368c      0x56c cmsis/src/startup_sam3xa.o
 .debug_macro   0x00003bf8       0x1c cmsis/src/startup_sam3xa.o
 .debug_macro   0x00003c14      0x678 cmsis/src/startup_sam3xa.o
 .debug_macro   0x0000428c      0x51e cmsis/src/startup_sam3xa.o
 .debug_macro   0x000047aa       0xbe cmsis/src/startup_sam3xa.o
 .debug_macro   0x00004868     0x2333 cmsis/src/startup_sam3xa.o
 .debug_macro   0x00006b9b      0x7d1 cmsis/src/startup_sam3xa.o
 .debug_macro   0x0000736c      0xdbb cmsis/src/startup_sam3xa.o
 .debug_macro   0x00008127       0x9a cmsis/src/startup_sam3xa.o
 .debug_macro   0x000081c1      0x29c cmsis/src/startup_sam3xa.o
 .debug_macro   0x0000845d       0x58 cmsis/src/startup_sam3xa.o
 .debug_macro   0x000084b5      0x999 cmsis/src/startup_sam3xa.o
 .debug_macro   0x00008e4e      0x22d cmsis/src/startup_sam3xa.o
 .debug_macro   0x0000907b      0x4b4 cmsis/src/startup_sam3xa.o
 .debug_macro   0x0000952f      0x64a cmsis/src/startup_sam3xa.o
 .debug_macro   0x00009b79      0x590 cmsis/src/startup_sam3xa.o
 .debug_macro   0x0000a109       0x46 cmsis/src/startup_sam3xa.o
 .debug_macro   0x0000a14f      0x33f cmsis/src/startup_sam3xa.o
 .debug_macro   0x0000a48e      0x27e cmsis/src/startup_sam3xa.o
 .debug_macro   0x0000a70c     0x14dc cmsis/src/startup_sam3xa.o
 .debug_macro   0x0000bbe8      0x7cf cmsis/src/startup_sam3xa.o
 .debug_macro   0x0000c3b7       0x76 cmsis/src/startup_sam3xa.o
 .debug_macro   0x0000c42d       0x82 cmsis/src/startup_sam3xa.o
 .debug_macro   0x0000c4af       0x76 cmsis/src/startup_sam3xa.o
 .debug_macro   0x0000c525       0x4c cmsis/src/startup_sam3xa.o
 .debug_macro   0x0000c571      0x100 cmsis/src/startup_sam3xa.o
 .debug_macro   0x0000c671      0x100 cmsis/src/startup_sam3xa.o
 .debug_macro   0x0000c771      0x100 cmsis/src/startup_sam3xa.o
 .debug_macro   0x0000c871       0x88 cmsis/src/startup_sam3xa.o
 .debug_macro   0x0000c8f9       0x88 cmsis/src/startup_sam3xa.o
 .debug_macro   0x0000c981      0x3b4 cmsis/src/startup_sam3xa.o
 .debug_macro   0x0000cd35       0xbe cmsis/src/startup_sam3xa.o
 .debug_macro   0x0000cdf3       0xbe cmsis/src/startup_sam3xa.o
 .debug_macro   0x0000ceb1       0xbe cmsis/src/startup_sam3xa.o
 .debug_macro   0x0000cf6f       0xbe cmsis/src/startup_sam3xa.o
 .debug_macro   0x0000d02d      0x2b8 cmsis/src/startup_sam3xa.o
 .debug_macro   0x0000d2e5      0x118 cmsis/src/startup_sam3xa.o
 .debug_macro   0x0000d3fd      0x216 cmsis/src/startup_sam3xa.o
 .debug_macro   0x0000d613      0x216 cmsis/src/startup_sam3xa.o
 .debug_macro   0x0000d829       0x2e cmsis/src/startup_sam3xa.o
 .debug_macro   0x0000d857       0xac cmsis/src/startup_sam3xa.o
 .debug_macro   0x0000d903      0x13e cmsis/src/startup_sam3xa.o
 .debug_macro   0x0000da41       0x7c cmsis/src/startup_sam3xa.o
 .debug_macro   0x0000dabd      0x1f6 cmsis/src/startup_sam3xa.o
 .debug_macro   0x0000dcb3       0x64 cmsis/src/startup_sam3xa.o
 .debug_macro   0x0000dd17       0xa6 cmsis/src/startup_sam3xa.o
 .debug_macro   0x0000ddbd       0x7c cmsis/src/startup_sam3xa.o
 .debug_macro   0x0000de39       0x16 cmsis/src/startup_sam3xa.o
 .debug_macro   0x0000de4f       0x22 cmsis/src/startup_sam3xa.o
 .debug_macro   0x0000de71       0x22 cmsis/src/startup_sam3xa.o
 .debug_macro   0x0000de93      0x10c cmsis/src/startup_sam3xa.o
 .debug_macro   0x0000df9f      0x10c cmsis/src/startup_sam3xa.o
 .debug_macro   0x0000e0ab      0x10c cmsis/src/startup_sam3xa.o
 .debug_macro   0x0000e1b7      0x10c cmsis/src/startup_sam3xa.o
 .debug_macro   0x0000e2c3       0x1c cmsis/src/startup_sam3xa.o
 .debug_macro   0x0000e2df       0x2e cmsis/src/startup_sam3xa.o
 .debug_macro   0x0000e30d       0x22 cmsis/src/startup_sam3xa.o
 .debug_macro   0x0000e32f       0x1c cmsis/src/startup_sam3xa.o
 .debug_macro   0x0000e34b       0x58 cmsis/src/startup_sam3xa.o
 .debug_macro   0x0000e3a3       0x10 cmsis/src/startup_sam3xa.o
 .debug_macro   0x0000e3b3      0x27a cmsis/src/startup_sam3xa.o
 .debug_macro   0x0000e62d      0xd34 cmsis/src/startup_sam3xa.o
 .debug_macro   0x0000f361      0x170 cmsis/src/startup_sam3xa.o
 .debug_macro   0x0000f4d1      0x344 cmsis/src/system_sam3xa.o
 .debug_macro   0x0000f815      0x363 Encoders.o
 .debug_macro   0x0000fb78      0x51e Encoders.o
 .debug_macro   0x00010096       0x22 Encoders.o
 .debug_macro   0x000100b8      0x4b8 GccApplication1.o
 .debug_macro   0x00010570       0x58 GccApplication1.o
 .debug_macro   0x000105c8       0x35 GccApplication1.o
 .debug_macro   0x000105fd       0xa3 GccApplication1.o
 .debug_macro   0x000106a0       0x16 GccApplication1.o
 .debug_macro   0x000106b6       0x97 GccApplication1.o
 .debug_macro   0x0001074d       0x10 GccApplication1.o
 .debug_macro   0x0001075d       0xef GccApplication1.o
 .debug_macro   0x0001084c       0x52 GccApplication1.o
 .debug_macro   0x0001089e       0x16 GccApplication1.o
 .debug_macro   0x000108b4       0x43 GccApplication1.o
 .debug_macro   0x000108f7      0x180 GccApplication1.o
 .debug_macro   0x00010a77       0x10 GccApplication1.o
 .debug_macro   0x00010a87       0x22 GccApplication1.o
 .debug_macro   0x00010aa9       0xbd GccApplication1.o
 .debug_macro   0x00010b66       0x16 GccApplication1.o
 .debug_macro   0x00010b7c      0x16c GccApplication1.o
 .debug_macro   0x00010ce8      0x2a6 GccApplication1.o
 .debug_macro   0x00010f8e       0x10 GccApplication1.o
 .debug_macro   0x00010f9e       0x35 GccApplication1.o
 .debug_macro   0x00010fd3       0x1f GccApplication1.o
 .debug_macro   0x00010ff2       0x16 GccApplication1.o
 .debug_macro   0x00011008       0x16 GccApplication1.o
 .debug_macro   0x0001101e       0x29 GccApplication1.o
 .debug_macro   0x00011047      0x356 InitCfg.o
 .debug_macro   0x0001139d      0x385 MotorCtrl.o
 .debug_macro   0x00011722      0x350 TmrCfg.o
 .debug_macro   0x00011a72      0x49e UART.o

.debug_line     0x00000000     0x457c
 .debug_line    0x00000000      0x7a9 cmsis/src/startup_sam3xa.o
 .debug_line    0x000007a9      0x818 cmsis/src/system_sam3xa.o
 .debug_line    0x00000fc1      0x823 Encoders.o
 .debug_line    0x000017e4      0x9cf GccApplication1.o
 .debug_line    0x000021b3      0x823 InitCfg.o
 .debug_line    0x000029d6      0x8d1 MotorCtrl.o
 .debug_line    0x000032a7      0x849 TmrCfg.o
 .debug_line    0x00003af0      0xa8c UART.o

.debug_str      0x00000000    0x55346
 .debug_str     0x00000000    0x4e3a0 cmsis/src/startup_sam3xa.o
                              0x4e547 (size before relaxing)
 .debug_str     0x0004e3a0      0x2d2 cmsis/src/system_sam3xa.o
                              0x4e311 (size before relaxing)
 .debug_str     0x0004e672     0x33db Encoders.o
                              0x51485 (size before relaxing)
 .debug_str     0x00051a4d     0x3142 GccApplication1.o
                              0x5463a (size before relaxing)
 .debug_str     0x00054b8f      0x2cf InitCfg.o
                              0x51799 (size before relaxing)
 .debug_str     0x00054e5e      0x2ae MotorCtrl.o
                              0x51847 (size before relaxing)
 .debug_str     0x0005510c       0xec TmrCfg.o
                              0x516a8 (size before relaxing)
 .debug_str     0x000551f8      0x14e UART.o
                              0x54ae0 (size before relaxing)

.debug_frame    0x00000000      0x634
 .debug_frame   0x00000000       0x48 cmsis/src/startup_sam3xa.o
 .debug_frame   0x00000048       0x5c cmsis/src/system_sam3xa.o
 .debug_frame   0x000000a4       0x40 Encoders.o
 .debug_frame   0x000000e4       0x48 GccApplication1.o
 .debug_frame   0x0000012c       0x48 InitCfg.o
 .debug_frame   0x00000174       0xe0 MotorCtrl.o
 .debug_frame   0x00000254       0x98 TmrCfg.o
 .debug_frame   0x000002ec      0x134 UART.o
 .debug_frame   0x00000420       0x2c c:/program files (x86)/atmel/atmel toolchain/arm gcc/native/4.8.1437/arm-gnu-toolchain/bin/../lib/gcc/arm-none-eabi/4.8.4/../../../../arm-none-eabi/lib/armv7-m\libc.a(lib_a-init.o)
 .debug_frame   0x0000044c       0x2c c:/program files (x86)/atmel/atmel toolchain/arm gcc/native/4.8.1437/arm-gnu-toolchain/bin/../lib/gcc/arm-none-eabi/4.8.4/../../../../arm-none-eabi/lib/armv7-m\libc.a(lib_a-memset.o)
 .debug_frame   0x00000478       0x2c c:/program files (x86)/atmel/atmel toolchain/arm gcc/native/4.8.1437/arm-gnu-toolchain/bin/../lib/gcc/arm-none-eabi/4.8.4/../../../../arm-none-eabi/lib/armv7-m\libc.a(lib_a-strchr.o)
 .debug_frame   0x000004a4       0x20 c:/program files (x86)/atmel/atmel toolchain/arm gcc/native/4.8.1437/arm-gnu-toolchain/bin/../lib/gcc/arm-none-eabi/4.8.4/../../../../arm-none-eabi/lib/armv7-m\libc.a(lib_a-strlen.o)
 .debug_frame   0x000004c4       0x20 c:/program files (x86)/atmel/atmel toolchain/arm gcc/native/4.8.1437/arm-gnu-toolchain/bin/../lib/gcc/arm-none-eabi/4.8.4/../../../../arm-none-eabi/lib/armv7-m\libc.a(lib_a-strtok.o)
 .debug_frame   0x000004e4       0x3c c:/program files (x86)/atmel/atmel toolchain/arm gcc/native/4.8.1437/arm-gnu-toolchain/bin/../lib/gcc/arm-none-eabi/4.8.4/../../../../arm-none-eabi/lib/armv7-m\libc.a(lib_a-strtok_r.o)
 .debug_frame   0x00000520       0x50 c:/program files (x86)/atmel/atmel toolchain/arm gcc/native/4.8.1437/arm-gnu-toolchain/bin/../lib/gcc/arm-none-eabi/4.8.4/../../../../arm-none-eabi/lib/armv7-m\libc.a(lib_a-strtol.o)
 .debug_frame   0x00000570       0x48 c:/program files (x86)/atmel/atmel toolchain/arm gcc/native/4.8.1437/arm-gnu-toolchain/bin/../lib/gcc/arm-none-eabi/4.8.4/../../../../arm-none-eabi/lib/armv7-m\libc.a(lib_a-__call_atexit.o)
 .debug_frame   0x000005b8       0x20 c:/program files (x86)/atmel/atmel toolchain/arm gcc/native/4.8.1437/arm-gnu-toolchain/bin/../lib/gcc/arm-none-eabi/4.8.4/../../../../arm-none-eabi/lib/armv7-m\libc.a(lib_a-atexit.o)
 .debug_frame   0x000005d8       0x2c c:/program files (x86)/atmel/atmel toolchain/arm gcc/native/4.8.1437/arm-gnu-toolchain/bin/../lib/gcc/arm-none-eabi/4.8.4/../../../../arm-none-eabi/lib/armv7-m\libc.a(lib_a-fini.o)
 .debug_frame   0x00000604       0x30 c:/program files (x86)/atmel/atmel toolchain/arm gcc/native/4.8.1437/arm-gnu-toolchain/bin/../lib/gcc/arm-none-eabi/4.8.4/../../../../arm-none-eabi/lib/armv7-m\libc.a(lib_a-__atexit.o)
