Archive member included because of file (symbol)

c:/program files (x86)/atmel/atmel toolchain/arm gcc/native/4.8.1437/arm-gnu-toolchain/bin/../lib/gcc/arm-none-eabi/4.8.4/armv7-m\libgcc.a(_arm_addsubdf3.o)
                              MotorCtrl.o (__aeabi_dsub)
c:/program files (x86)/atmel/atmel toolchain/arm gcc/native/4.8.1437/arm-gnu-toolchain/bin/../lib/gcc/arm-none-eabi/4.8.4/armv7-m\libgcc.a(_arm_muldivdf3.o)
                              MotorCtrl.o (__aeabi_ddiv)
c:/program files (x86)/atmel/atmel toolchain/arm gcc/native/4.8.1437/arm-gnu-toolchain/bin/../lib/gcc/arm-none-eabi/4.8.4/armv7-m\libgcc.a(_arm_fixdfsi.o)
                              MotorCtrl.o (__aeabi_d2iz)
c:/program files (x86)/atmel/atmel toolchain/arm gcc/native/4.8.1437/arm-gnu-toolchain/bin/../lib/gcc/arm-none-eabi/4.8.4/../../../../arm-none-eabi/lib/armv7-m\libc.a(lib_a-exit.o)
                              c:/program files (x86)/atmel/atmel toolchain/arm gcc/native/4.8.1437/arm-gnu-toolchain/bin/../lib/gcc/arm-none-eabi/4.8.4/../../../../arm-none-eabi/lib/armv7-m/crt0.o (exit)
c:/program files (x86)/atmel/atmel toolchain/arm gcc/native/4.8.1437/arm-gnu-toolchain/bin/../lib/gcc/arm-none-eabi/4.8.4/../../../../arm-none-eabi/lib/armv7-m\libc.a(lib_a-impure.o)
                              c:/program files (x86)/atmel/atmel toolchain/arm gcc/native/4.8.1437/arm-gnu-toolchain/bin/../lib/gcc/arm-none-eabi/4.8.4/../../../../arm-none-eabi/lib/armv7-m\libc.a(lib_a-exit.o) (_global_impure_ptr)
c:/program files (x86)/atmel/atmel toolchain/arm gcc/native/4.8.1437/arm-gnu-toolchain/bin/../lib/gcc/arm-none-eabi/4.8.4/../../../../arm-none-eabi/lib/armv7-m\libc.a(lib_a-init.o)
                              c:/program files (x86)/atmel/atmel toolchain/arm gcc/native/4.8.1437/arm-gnu-toolchain/bin/../lib/gcc/arm-none-eabi/4.8.4/../../../../arm-none-eabi/lib/armv7-m/crt0.o (__libc_init_array)
c:/program files (x86)/atmel/atmel toolchain/arm gcc/native/4.8.1437/arm-gnu-toolchain/bin/../lib/gcc/arm-none-eabi/4.8.4/../../../../arm-none-eabi/lib/armv7-m\libc.a(lib_a-memcpy.o)
                              UART.o (memcpy)
c:/program files (x86)/atmel/atmel toolchain/arm gcc/native/4.8.1437/arm-gnu-toolchain/bin/../lib/gcc/arm-none-eabi/4.8.4/../../../../arm-none-eabi/lib/armv7-m\libc.a(lib_a-memset.o)
                              c:/program files (x86)/atmel/atmel toolchain/arm gcc/native/4.8.1437/arm-gnu-toolchain/bin/../lib/gcc/arm-none-eabi/4.8.4/../../../../arm-none-eabi/lib/armv7-m/crt0.o (memset)
c:/program files (x86)/atmel/atmel toolchain/arm gcc/native/4.8.1437/arm-gnu-toolchain/bin/../lib/gcc/arm-none-eabi/4.8.4/../../../../arm-none-eabi/lib/armv7-m\libc.a(lib_a-strlen.o)
                              UART.o (strlen)
c:/program files (x86)/atmel/atmel toolchain/arm gcc/native/4.8.1437/arm-gnu-toolchain/bin/../lib/gcc/arm-none-eabi/4.8.4/../../../../arm-none-eabi/lib/armv7-m\libc.a(lib_a-strtok.o)
                              UART.o (strtok)
c:/program files (x86)/atmel/atmel toolchain/arm gcc/native/4.8.1437/arm-gnu-toolchain/bin/../lib/gcc/arm-none-eabi/4.8.4/../../../../arm-none-eabi/lib/armv7-m\libc.a(lib_a-strtok_r.o)
                              c:/program files (x86)/atmel/atmel toolchain/arm gcc/native/4.8.1437/arm-gnu-toolchain/bin/../lib/gcc/arm-none-eabi/4.8.4/../../../../arm-none-eabi/lib/armv7-m\libc.a(lib_a-strtok.o) (__strtok_r)
c:/program files (x86)/atmel/atmel toolchain/arm gcc/native/4.8.1437/arm-gnu-toolchain/bin/../lib/gcc/arm-none-eabi/4.8.4/../../../../arm-none-eabi/lib/armv7-m\libc.a(lib_a-strtol.o)
                              UART.o (strtol)
c:/program files (x86)/atmel/atmel toolchain/arm gcc/native/4.8.1437/arm-gnu-toolchain/bin/../lib/gcc/arm-none-eabi/4.8.4/../../../../arm-none-eabi/lib/armv7-m\libc.a(lib_a-__call_atexit.o)
                              c:/program files (x86)/atmel/atmel toolchain/arm gcc/native/4.8.1437/arm-gnu-toolchain/bin/../lib/gcc/arm-none-eabi/4.8.4/../../../../arm-none-eabi/lib/armv7-m\libc.a(lib_a-exit.o) (__call_exitprocs)
c:/program files (x86)/atmel/atmel toolchain/arm gcc/native/4.8.1437/arm-gnu-toolchain/bin/../lib/gcc/arm-none-eabi/4.8.4/../../../../arm-none-eabi/lib/armv7-m\libc.a(lib_a-atexit.o)
                              c:/program files (x86)/atmel/atmel toolchain/arm gcc/native/4.8.1437/arm-gnu-toolchain/bin/../lib/gcc/arm-none-eabi/4.8.4/../../../../arm-none-eabi/lib/armv7-m\libc.a(lib_a-__call_atexit.o) (atexit)
c:/program files (x86)/atmel/atmel toolchain/arm gcc/native/4.8.1437/arm-gnu-toolchain/bin/../lib/gcc/arm-none-eabi/4.8.4/../../../../arm-none-eabi/lib/armv7-m\libc.a(lib_a-ctype_.o)
                              c:/program files (x86)/atmel/atmel toolchain/arm gcc/native/4.8.1437/arm-gnu-toolchain/bin/../lib/gcc/arm-none-eabi/4.8.4/../../../../arm-none-eabi/lib/armv7-m\libc.a(lib_a-strtol.o) (__ctype_ptr__)
[...]
Memory Configuration

Name             Origin             Length             Attributes
rom              0x00080000         0x00080000         xr
ram              0x20000000         0x00018000         xrw
*default*        0x00000000         0xffffffff

Linker script and memory map

LOAD c:/program files (x86)/atmel/atmel toolchain/arm gcc/native/4.8.1437/arm-gnu-toolchain/bin/../lib/gcc/arm-none-eabi/4.8.4/armv7-m/crti.o
LOAD c:/program files (x86)/atmel/atmel toolchain/arm gcc/native/4.8.1437/arm-gnu-toolchain/bin/../lib/gcc/arm-none-eabi/4.8.4/armv7-m/crtbegin.o
LOAD c:/program files (x86)/atmel/atmel toolchain/arm gcc/native/4.8.1437/arm-gnu-toolchain/bin/../lib/gcc/arm-none-eabi/4.8.4/../../../../arm-none-eabi/lib/armv7-m/crt0.o
LOAD cmsis/src/startup_sam3xa.o
LOAD cmsis/src/system_sam3xa.o
LOAD Encoders.o
LOAD GccApplication1.o
LOAD InitCfg.o
LOAD MotorCtrl.o
LOAD TmrCfg.o
LOAD UART.o
START GROUP
LOAD c:/program files (x86)/atmel/atmel toolchain/arm gcc/native/4.8.1437/arm-gnu-toolchain/bin/../lib/gcc/arm-none-eabi/4.8.4/../../../../arm-none-eabi/lib/armv7-m\libm.a
END GROUP
START GROUP
LOAD c:/program files (x86)/atmel/atmel toolchain/arm gcc/native/4.8.1437/arm-gnu-toolchain/bin/../lib/gcc/arm-none-eabi/4.8.4/armv7-m\libgcc.a
LOAD c:/program files (x86)/atmel/atmel toolchain/arm gcc/native/4.8.1437/arm-gnu-toolchain/bin/../lib/gcc/arm-none-eabi/4.8.4/../../../../arm-none-eabi/lib/armv7-m\libc.a
END GROUP
LOAD c:/program files (x86)/atmel/atmel toolchain/arm gcc/native/4.8.1437/arm-gnu-toolchain/bin/../lib/gcc/arm-none-eabi/4.8.4/armv7-m/crtend.o
LOAD c:/program files (x86)/atmel/atmel toolchain/arm gcc/native/4.8.1437/arm-gnu-toolchain/bin/../lib/gcc/arm-none-eabi/4.8.4/armv7-m/crtn.o
                0x00000400                STACK_SIZE = DEFINED (STACK_SIZE)?STACK_SIZE:0x400
                0x00000200                HEAP_SIZE = DEFINED (HEAP_SIZE)?HEAP_SIZE:0x200

.text           0x00080000     0x1d7c
                0x00080000                . = ALIGN (0x4)
                0x00080000                _sfixed = .
 *(.vectors .vectors.*)
 .vectors       0x00080000       0xf4 cmsis/src/startup_sam3xa.o
                0x00080000                exception_table
 *(.text .text.* .gnu.linkonce.t.*)
 .text          0x000800f4       0x54 c:/program files (x86)/atmel/atmel toolchain/arm gcc/native/4.8.1437/arm-gnu-toolchain/bin/../lib/gcc/arm-none-eabi/4.8.4/armv7-m/crtbegin.o
 .text.Reset_Handler
                0x00080148       0x88 cmsis/src/startup_sam3xa.o
                0x00080148                Reset_Handler
 .text.Dummy_Handler
                0x000801d0        0x8 cmsis/src/startup_sam3xa.o
                0x000801d0                DACC_Handler
                0x000801d0                DebugMon_Handler
                0x000801d0                DMAC_Handler
                0x000801d0                TRNG_Handler
                0x000801d0                HardFault_Handler
                0x000801d0                TC2_Handler
                0x000801d0                SysTick_Handler
                0x000801d0                USART3_Handler
                0x000801d0                TWI1_Handler
                0x000801d0                PendSV_Handler
                0x000801d0                NMI_Handler
                0x000801d0                TC7_Handler
                0x000801d0                ADC_Handler
                0x000801d0                SMC_Handler
                0x000801d0                USART0_Handler
                0x000801d0                RTT_Handler
                0x000801d0                EFC1_Handler
                0x000801d0                RTC_Handler
                0x000801d0                UsageFault_Handler
                0x000801d0                TC6_Handler
                0x000801d0                WDT_Handler
                0x000801d0                CAN0_Handler
                0x000801d0                TC4_Handler
                0x000801d0                TC1_Handler
                0x000801d0                HSMCI_Handler
                0x000801d0                TC3_Handler
                0x000801d0                Dummy_Handler
                0x000801d0                TWI0_Handler
                0x000801d0                USART1_Handler
                0x000801d0                PIOA_Handler
                0x000801d0                SSC_Handler
                0x000801d0                EFC0_Handler
                0x000801d0                PMC_Handler
                0x000801d0                PWM_Handler
                0x000801d0                CAN1_Handler
                0x000801d0                MemManage_Handler
                0x000801d0                SUPC_Handler
                0x000801d0                SVC_Handler
                0x000801d0                TC8_Handler
                0x000801d0                USART2_Handler
                0x000801d0                EMAC_Handler
                0x000801d0                BusFault_Handler
                0x000801d0                RSTC_Handler
                0x000801d0                TC5_Handler
                0x000801d0                UOTGHS_Handler
                0x000801d0                SPI0_Handler
 .text.SystemInit
                0x000801d8       0xd0 cmsis/src/system_sam3xa.o
                0x000801d8                SystemInit
 .text.PIOB_Handler
                0x000802a8       0x38 Encoders.o
                0x000802a8                PIOB_Handler
 .text.PIOD_Handler
                0x000802e0       0x38 Encoders.o
                0x000802e0                PIOD_Handler
 .text.PIOC_Handler
                0x00080318       0x60 Encoders.o
                0x00080318                PIOC_Handler
 .text.main     0x00080378       0xc0 GccApplication1.o
                0x00080378                main
 .text.NVIC_EnableIRQ
                0x00080438       0x30 InitCfg.o
 .text.NVIC_SetPriority
                0x00080468       0x54 InitCfg.o
 .text.Pin_Configuration
                0x000804bc      0x254 InitCfg.o
                0x000804bc                Pin_Configuration
 .text.InitPWMController_MCLK
                0x00080710       0x68 MotorCtrl.o
                0x00080710                InitPWMController_MCLK
 .text.SetPeriod
                0x00080778       0x4c MotorCtrl.o
 .text.SetDuty  0x000807c4       0x4c MotorCtrl.o
 .text.WriteMotors
                0x00080810       0xb8 MotorCtrl.o
                0x00080810                WriteMotors
 .text.InitMotors
                0x000808c8       0x78 MotorCtrl.o
                0x000808c8                InitMotors
 .text.ControlledDrive
                0x00080940       0xe8 MotorCtrl.o
                0x00080940                ControlledDrive
 .text.NVIC_EnableIRQ
                0x00080a28       0x30 TmrCfg.o
 .text.Configure_Timers
                0x00080a58       0x10 TmrCfg.o
                0x00080a58                Configure_Timers
 .text.Configure_TC0
                0x00080a68       0x4c TmrCfg.o
                0x00080a68                Configure_TC0
 .text.TC0_Handler
                0x00080ab4       0x24 TmrCfg.o
                0x00080ab4                TC0_Handler
 .text.delay_ms
                0x00080ad8       0x40 TmrCfg.o
                0x00080ad8                delay_ms
 .text.NVIC_EnableIRQ
                0x00080b18       0x30 UART.o
 .text.uart_getchar
                0x00080b48       0x54 UART.o
                0x00080b48                uart_getchar
 .text.uart_putchar
                0x00080b9c       0x4c UART.o
                0x00080b9c                uart_putchar
 .text.UART_Handler
                0x00080be8       0xc4 UART.o
                0x00080be8                UART_Handler
 .text.sendString
                0x00080cac       0x40 UART.o
                0x00080cac                sendString
 .text.getNewSpeed
                0x00080cec       0x2c UART.o
                0x00080cec                getNewSpeed
 .text.parseSpeed
                0x00080d18      0x13c UART.o
                0x00080d18                parseSpeed
 .text.configure_uart
                0x00080e54       0xb8 UART.o
                0x00080e54                configure_uart
 .text          0x00080f0c      0x370 c:/program files (x86)/atmel/atmel toolchain/arm gcc/native/4.8.1437/arm-gnu-toolchain/bin/../lib/gcc/arm-none-eabi/4.8.4/armv7-m\libgcc.a(_arm_addsubdf3.o)
                0x00080f0c                __aeabi_drsub
                0x00080f14                __aeabi_dsub
                0x00080f14                __subdf3
                0x00080f18                __aeabi_dadd
                0x00080f18                __adddf3
                0x00081190                __floatunsidf
                0x00081190                __aeabi_ui2d
                0x000811b0                __floatsidf
                0x000811b0                __aeabi_i2d
                0x000811d4                __aeabi_f2d
                0x000811d4                __extendsfdf2
                0x00081210                __floatundidf
                0x00081210                __aeabi_ul2d
                0x00081220                __floatdidf
                0x00081220                __aeabi_l2d
 .text          0x0008127c      0x424 c:/program files (x86)/atmel/atmel toolchain/arm gcc/native/4.8.1437/arm-gnu-toolchain/bin/../lib/gcc/arm-none-eabi/4.8.4/armv7-m\libgcc.a(_arm_muldivdf3.o)
                0x0008127c                __aeabi_dmul
                0x0008127c                __muldf3
                0x000814d0                __divdf3
                0x000814d0                __aeabi_ddiv
 .text          0x000816a0       0x50 c:/program files (x86)/atmel/atmel toolchain/arm gcc/native/4.8.1437/arm-gnu-toolchain/bin/../lib/gcc/arm-none-eabi/4.8.4/armv7-m\libgcc.a(_arm_fixdfsi.o)
                0x000816a0                __aeabi_d2iz
                0x000816a0                __fixdfsi
 .text.__libc_init_array
                0x000816f0       0x50 c:/program files (x86)/atmel/atmel toolchain/arm gcc/native/4.8.1437/arm-gnu-toolchain/bin/../lib/gcc/arm-none-eabi/4.8.4/../../../../arm-none-eabi/lib/armv7-m\libc.a(lib_a-init.o)
                0x000816f0                __libc_init_array
 .text          0x00081740       0xec c:/program files (x86)/atmel/atmel toolchain/arm gcc/native/4.8.1437/arm-gnu-toolchain/bin/../lib/gcc/arm-none-eabi/4.8.4/../../../../arm-none-eabi/lib/armv7-m\libc.a(lib_a-memcpy.o)
                0x00081740                memcpy
 .text.memset   0x0008182c       0x94 c:/program files (x86)/atmel/atmel toolchain/arm gcc/native/4.8.1437/arm-gnu-toolchain/bin/../lib/gcc/arm-none-eabi/4.8.4/../../../../arm-none-eabi/lib/armv7-m\libc.a(lib_a-memset.o)
                0x0008182c                memset
 .text.strlen   0x000818c0       0x60 c:/program files (x86)/atmel/atmel toolchain/arm gcc/native/4.8.1437/arm-gnu-toolchain/bin/../lib/gcc/arm-none-eabi/4.8.4/../../../../arm-none-eabi/lib/armv7-m\libc.a(lib_a-strlen.o)
                0x000818c0                strlen
 .text.strtok   0x00081920       0x10 c:/program files (x86)/atmel/atmel toolchain/arm gcc/native/4.8.1437/arm-gnu-toolchain/bin/../lib/gcc/arm-none-eabi/4.8.4/../../../../arm-none-eabi/lib/armv7-m\libc.a(lib_a-strtok.o)
                0x00081920                strtok
 .text.__strtok_r
                0x00081930       0x64 c:/program files (x86)/atmel/atmel toolchain/arm gcc/native/4.8.1437/arm-gnu-toolchain/bin/../lib/gcc/arm-none-eabi/4.8.4/../../../../arm-none-eabi/lib/armv7-m\libc.a(lib_a-strtok_r.o)
                0x00081930                __strtok_r
 .text._strtol_r
                0x00081994      0x114 c:/program files (x86)/atmel/atmel toolchain/arm gcc/native/4.8.1437/arm-gnu-toolchain/bin/../lib/gcc/arm-none-eabi/4.8.4/../../../../arm-none-eabi/lib/armv7-m\libc.a(lib_a-strtol.o)
                0x00081994                _strtol_r
 .text.strtol   0x00081aa8       0x18 c:/program files (x86)/atmel/atmel toolchain/arm gcc/native/4.8.1437/arm-gnu-toolchain/bin/../lib/gcc/arm-none-eabi/4.8.4/../../../../arm-none-eabi/lib/armv7-m\libc.a(lib_a-strtol.o)
                0x00081aa8                strtol
 .text.startup.register_fini
                0x00081ac0       0x14 c:/program files (x86)/atmel/atmel toolchain/arm gcc/native/4.8.1437/arm-gnu-toolchain/bin/../lib/gcc/arm-none-eabi/4.8.4/../../../../arm-none-eabi/lib/armv7-m\libc.a(lib_a-__call_atexit.o)
 .text.atexit   0x00081ad4        0xc c:/program files (x86)/atmel/atmel toolchain/arm gcc/native/4.8.1437/arm-gnu-toolchain/bin/../lib/gcc/arm-none-eabi/4.8.4/../../../../arm-none-eabi/lib/armv7-m\libc.a(lib_a-atexit.o)
                0x00081ad4                atexit
 .text.__libc_fini_array
                0x00081ae0       0x30 c:/program files (x86)/atmel/atmel toolchain/arm gcc/native/4.8.1437/arm-gnu-toolchain/bin/../lib/gcc/arm-none-eabi/4.8.4/../../../../arm-none-eabi/lib/armv7-m\libc.a(lib_a-fini.o)
                0x00081ae0                __libc_fini_array
 .text.__register_exitproc
                0x00081b10       0xa8 c:/program files (x86)/atmel/atmel toolchain/arm gcc/native/4.8.1437/arm-gnu-toolchain/bin/../lib/gcc/arm-none-eabi/4.8.4/../../../../arm-none-eabi/lib/armv7-m\libc.a(lib_a-__atexit.o)
                0x00081b10                __register_exitproc
 *(.glue_7t)
 .glue_7t       0x00000000        0x0 linker stubs
 *(.glue_7)
 .glue_7        0x00000000        0x0 linker stubs
 *(.rodata .rodata* .gnu.linkonce.r.*)
 .rodata        0x00081bb8       0x2c GccApplication1.o
 .rodata        0x00081be4       0x28 MotorCtrl.o
 .rodata        0x00081c0c       0x40 UART.o
 .rodata.str1.4
                0x00081c4c        0x4 c:/program files (x86)/atmel/atmel toolchain/arm gcc/native/4.8.1437/arm-gnu-toolchain/bin/../lib/gcc/arm-none-eabi/4.8.4/../../../../arm-none-eabi/lib/armv7-m\libc.a(lib_a-impure.o)
 .rodata._global_impure_ptr
                0x00081c50        0x4 c:/program files (x86)/atmel/atmel toolchain/arm gcc/native/4.8.1437/arm-gnu-toolchain/bin/../lib/gcc/arm-none-eabi/4.8.4/../../../../arm-none-eabi/lib/armv7-m\libc.a(lib_a-impure.o)
                0x00081c50                _global_impure_ptr
 .rodata._ctype_
                0x00081c54      0x104 c:/program files (x86)/atmel/atmel toolchain/arm gcc/native/4.8.1437/arm-gnu-toolchain/bin/../lib/gcc/arm-none-eabi/4.8.4/../../../../arm-none-eabi/lib/armv7-m\libc.a(lib_a-ctype_.o)
                0x00081c54                _ctype_
 *(.ARM.extab* .gnu.linkonce.armextab.*)
                0x00081d58                . = ALIGN (0x4)
 *(.init)
 .init          0x00081d58        0x4 c:/program files (x86)/atmel/atmel toolchain/arm gcc/native/4.8.1437/arm-gnu-toolchain/bin/../lib/gcc/arm-none-eabi/4.8.4/armv7-m/crti.o
                0x00081d58                _init
 .init          0x00081d5c        0x8 c:/program files (x86)/atmel/atmel toolchain/arm gcc/native/4.8.1437/arm-gnu-toolchain/bin/../lib/gcc/arm-none-eabi/4.8.4/armv7-m/crtn.o
                0x00081d64                . = ALIGN (0x4)
                0x00081d64                __preinit_array_start = .
 *(.preinit_array)
                0x00081d64                __preinit_array_end = .
                0x00081d64                . = ALIGN (0x4)
                0x00081d64                __init_array_start = .
 *(SORT(.init_array.*))
 .init_array.00000
                0x00081d64        0x4 c:/program files (x86)/atmel/atmel toolchain/arm gcc/native/4.8.1437/arm-gnu-toolchain/bin/../lib/gcc/arm-none-eabi/4.8.4/../../../../arm-none-eabi/lib/armv7-m\libc.a(lib_a-__call_atexit.o)
 *(.init_array)
 .init_array    0x00081d68        0x4 c:/program files (x86)/atmel/atmel toolchain/arm gcc/native/4.8.1437/arm-gnu-toolchain/bin/../lib/gcc/arm-none-eabi/4.8.4/armv7-m/crtbegin.o
                0x00081d6c                __init_array_end = .
                0x00081d6c                . = ALIGN (0x4)
 *crtbegin.o(.ctors)
 *(EXCLUDE_FILE(*crtend.o) .ctors)
 *(SORT(.ctors.*))
 *crtend.o(.ctors)
                0x00081d6c                . = ALIGN (0x4)
 *(.fini)
 .fini          0x00081d6c        0x4 c:/program files (x86)/atmel/atmel toolchain/arm gcc/native/4.8.1437/arm-gnu-toolchain/bin/../lib/gcc/arm-none-eabi/4.8.4/armv7-m/crti.o
                0x00081d6c                _fini
 .fini          0x00081d70        0x8 c:/program files (x86)/atmel/atmel toolchain/arm gcc/native/4.8.1437/arm-gnu-toolchain/bin/../lib/gcc/arm-none-eabi/4.8.4/armv7-m/crtn.o
                0x00081d78                . = ALIGN (0x4)
                0x00081d78                __fini_array_start = .
 *(.fini_array)
 .fini_array    0x00081d78        0x4 c:/program files (x86)/atmel/atmel toolchain/arm gcc/native/4.8.1437/arm-gnu-toolchain/bin/../lib/gcc/arm-none-eabi/4.8.4/armv7-m/crtbegin.o
 *(SORT(.fini_array.*))
                0x00081d7c                __fini_array_end = .
 *crtbegin.o(.dtors)
 *(EXCLUDE_FILE(*crtend.o) .dtors)
 *(SORT(.dtors.*))
 *crtend.o(.dtors)
                0x00081d7c                . = ALIGN (0x4)
                0x00081d7c                _efixed = .
                0x00081d7c                PROVIDE (__exidx_start, .)

.vfp11_veneer   0x00081d7c        0x0
 .vfp11_veneer  0x00000000        0x0 linker stubs

.v4_bx          0x00081d7c        0x0
 .v4_bx         0x00000000        0x0 linker stubs

.iplt           0x00081d7c        0x0
 .iplt          0x00000000        0x0 c:/program files (x86)/atmel/atmel toolchain/arm gcc/native/4.8.1437/arm-gnu-toolchain/bin/../lib/gcc/arm-none-eabi/4.8.4/armv7-m/crtbegin.o

.eh_frame       0x00081d7c        0x0
 .eh_frame      0x00081d7c        0x0 c:/program files (x86)/atmel/atmel toolchain/arm gcc/native/4.8.1437/arm-gnu-toolchain/bin/../lib/gcc/arm-none-eabi/4.8.4/armv7-m/crtbegin.o

.rel.dyn        0x00081d7c        0x0
 .rel.iplt      0x00000000        0x0 c:/program files (x86)/atmel/atmel toolchain/arm gcc/native/4.8.1437/arm-gnu-toolchain/bin/../lib/gcc/arm-none-eabi/4.8.4/armv7-m/crtbegin.o

.jcr            0x00081d7c        0x0
 .jcr           0x00081d7c        0x0 c:/program files (x86)/atmel/atmel toolchain/arm gcc/native/4.8.1437/arm-gnu-toolchain/bin/../lib/gcc/arm-none-eabi/4.8.4/armv7-m/crtbegin.o

.igot.plt       0x00081d7c        0x0
 .igot.plt      0x00000000        0x0 c:/program files (x86)/atmel/atmel toolchain/arm gcc/native/4.8.1437/arm-gnu-toolchain/bin/../lib/gcc/arm-none-eabi/4.8.4/armv7-m/crtbegin.o

.ARM.exidx
 *(.ARM.exidx* .gnu.linkonce.armexidx.*)
                0x00081d7c                PROVIDE (__exidx_end, .)
                0x00081d7c                . = ALIGN (0x4)
                0x00081d7c                _etext = .

.relocate       0x20000000      0x438 load address 0x00081d7c
                0x20000000                . = ALIGN (0x4)
                0x20000000                _srelocate = .
 *(.ramfunc .ramfunc.*)
 *(.data .data.*)
 .data          0x20000000        0x4 cmsis/src/system_sam3xa.o
                0x20000000                SystemCoreClock
 *fill*         0x20000004        0x4 
 .data.impure_data
                0x20000008      0x428 c:/program files (x86)/atmel/atmel toolchain/arm gcc/native/4.8.1437/arm-gnu-toolchain/bin/../lib/gcc/arm-none-eabi/4.8.4/../../../../arm-none-eabi/lib/armv7-m\libc.a(lib_a-impure.o)
 .data._impure_ptr
                0x20000430        0x4 c:/program files (x86)/atmel/atmel toolchain/arm gcc/native/4.8.1437/arm-gnu-toolchain/bin/../lib/gcc/arm-none-eabi/4.8.4/../../../../arm-none-eabi/lib/armv7-m\libc.a(lib_a-impure.o)
                0x20000430                _impure_ptr
 .data.__ctype_ptr__
                0x20000434        0x4 c:/program files (x86)/atmel/atmel toolchain/arm gcc/native/4.8.1437/arm-gnu-toolchain/bin/../lib/gcc/arm-none-eabi/4.8.4/../../../../arm-none-eabi/lib/armv7-m\libc.a(lib_a-ctype_.o)
                0x20000434                __ctype_ptr__
                0x20000438                . = ALIGN (0x4)
                0x20000438                _erelocate = .

.bss            0x20000438       0x98 load address 0x000821b4
                0x20000438                . = ALIGN (0x4)
                0x20000438                _sbss = .
                0x20000438                _szero = .
 *(.bss .bss.*)
 .bss           0x20000438       0x1c c:/program files (x86)/atmel/atmel toolchain/arm gcc/native/4.8.1437/arm-gnu-toolchain/bin/../lib/gcc/arm-none-eabi/4.8.4/armv7-m/crtbegin.o
 .bss           0x20000454        0x3 TmrCfg.o
                0x20000454                iDelay
                0x20000455                iFlag
                0x20000456                iFlag_TC1
 *fill*         0x20000457        0x1 
 .bss           0x20000458       0x4c UART.o
 *(COMMON)
 COMMON         0x200004a4       0x18 Encoders.o
                0x200004a4                iEncoder_ST
                0x200004a8                iEncoder_DR_current
                0x200004ac                iEncoder_ST_current
                0x200004b0                iSpeed_DR
                0x200004b4                iSpeed_ST
                0x200004b8                iEncoder_DR
 COMMON         0x200004bc        0x3 GccApplication1.o
                0x200004bc                initializeMotors
                0x200004bd                startStop_Camera
                0x200004be                flag12
 *fill*         0x200004bf        0x1 
 COMMON         0x200004c0       0x10 UART.o
                0x200004c0                newSpeed
                0x200004c4                percentage_DR
                0x200004c8                sign_DR
                0x200004c9                sign_ST
                0x200004cc                percentage_ST
                0x200004d0                . = ALIGN (0x4)
                0x200004d0                _ebss = .
                0x200004d0                _ezero = .

.stack          0x200004d0      0x400 load address 0x0008224c
                0x200004d0                . = ALIGN (0x8)
                0x200004d0                _sstack = .
                0x200008d0                . = (. + STACK_SIZE)
 *fill*         0x200004d0      0x400 
                0x200008d0                . = ALIGN (0x8)
                0x200008d0                _estack = .

.heap           0x200008d0      0x200 load address 0x0008264c
                0x200008d0                . = ALIGN (0x8)
                0x200008d0                _sheap = .
                0x20000ad0                . = (. + HEAP_SIZE)
 *fill*         0x200008d0      0x200 
                0x20000ad0                . = ALIGN (0x8)
                0x20000ad0                _eheap = .
                0x20000ad0                . = ALIGN (0x4)
                0x20000ad0                _end = .
                0x20017fff                _ram_end_ = ((ORIGIN (ram) + 0x18000) - 0x1)
OUTPUT(GccApplication1_6_2.elf elf32-littlearm)

.ARM.attributes
                0x00000000       0x29
 .ARM.attributes
                0x00000000       0x1d c:/program files (x86)/atmel/atmel toolchain/arm gcc/native/4.8.1437/arm-gnu-toolchain/bin/../lib/gcc/arm-none-eabi/4.8.4/armv7-m/crti.o
 .ARM.attributes
                0x0000001d       0x2d c:/program files (x86)/atmel/atmel toolchain/arm gcc/native/4.8.1437/arm-gnu-toolchain/bin/../lib/gcc/arm-none-eabi/4.8.4/armv7-m/crtbegin.o
 .ARM.attributes
                0x0000004a       0x33 cmsis/src/startup_sam3xa.o
 .ARM.attributes
                0x0000007d       0x33 cmsis/src/system_sam3xa.o
 .ARM.attributes
                0x000000b0       0x33 Encoders.o
 .ARM.attributes
                0x000000e3       0x33 GccApplication1.o
 .ARM.attributes
                0x00000116       0x33 InitCfg.o
 .ARM.attributes
                0x00000149       0x33 MotorCtrl.o
 .ARM.attributes
                0x0000017c       0x33 TmrCfg.o
 .ARM.attributes
                0x000001af       0x33 UART.o
 .ARM.attributes
                0x000001e2       0x1d c:/program files (x86)/atmel/atmel toolchain/arm gcc/native/4.8.1437/arm-gnu-toolchain/bin/../lib/gcc/arm-none-eabi/4.8.4/armv7-m\libgcc.a(_arm_addsubdf3.o)
 .ARM.attributes
                0x000001ff       0x1d c:/program files (x86)/atmel/atmel toolchain/arm gcc/native/4.8.1437/arm-gnu-toolchain/bin/../lib/gcc/arm-none-eabi/4.8.4/armv7-m\libgcc.a(_arm_muldivdf3.o)
 .ARM.attributes
                0x0000021c       0x1d c:/program files (x86)/atmel/atmel toolchain/arm gcc/native/4.8.1437/arm-gnu-toolchain/bin/../lib/gcc/arm-none-eabi/4.8.4/armv7-m\libgcc.a(_arm_fixdfsi.o)
 .ARM.attributes
                0x00000239       0x2d c:/program files (x86)/atmel/atmel toolchain/arm gcc/native/4.8.1437/arm-gnu-toolchain/bin/../lib/gcc/arm-none-eabi/4.8.4/../../../../arm-none-eabi/lib/armv7-m\libc.a(lib_a-impure.o)
 .ARM.attributes
                0x00000266       0x2d c:/program files (x86)/atmel/atmel toolchain/arm gcc/native/4.8.1437/arm-gnu-toolchain/bin/../lib/gcc/arm-none-eabi/4.8.4/../../../../arm-none-eabi/lib/armv7-m\libc.a(lib_a-init.o)
 .ARM.attributes
                0x00000293       0x1b c:/program files (x86)/atmel/atmel toolchain/arm gcc/native/4.8.1437/arm-gnu-toolchain/bin/../lib/gcc/arm-none-eabi/4.8.4/../../../../arm-none-eabi/lib/armv7-m\libc.a(lib_a-memcpy.o)
 .ARM.attributes
                0x000002ae       0x2d c:/program files (x86)/atmel/atmel toolchain/arm gcc/native/4.8.1437/arm-gnu-toolchain/bin/../lib/gcc/arm-none-eabi/4.8.4/../../../../arm-none-eabi/lib/armv7-m\libc.a(lib_a-memset.o)
 .ARM.attributes
                0x000002db       0x2d c:/program files (x86)/atmel/atmel toolchain/arm gcc/native/4.8.1437/arm-gnu-toolchain/bin/../lib/gcc/arm-none-eabi/4.8.4/../../../../arm-none-eabi/lib/armv7-m\libc.a(lib_a-strlen.o)
 .ARM.attributes
                0x00000308       0x2d c:/program files (x86)/atmel/atmel toolchain/arm gcc/native/4.8.1437/arm-gnu-toolchain/bin/../lib/gcc/arm-none-eabi/4.8.4/../../../../arm-none-eabi/lib/armv7-m\libc.a(lib_a-strtok.o)
 .ARM.attributes
                0x00000335       0x2d c:/program files (x86)/atmel/atmel toolchain/arm gcc/native/4.8.1437/arm-gnu-toolchain/bin/../lib/gcc/arm-none-eabi/4.8.4/../../../../arm-none-eabi/lib/armv7-m\libc.a(lib_a-strtok_r.o)
 .ARM.attributes
                0x00000362       0x2d c:/program files (x86)/atmel/atmel toolchain/arm gcc/native/4.8.1437/arm-gnu-toolchain/bin/../lib/gcc/arm-none-eabi/4.8.4/../../../../arm-none-eabi/lib/armv7-m\libc.a(lib_a-strtol.o)
 .ARM.attributes
                0x0000038f       0x2d c:/program files (x86)/atmel/atmel toolchain/arm gcc/native/4.8.1437/arm-gnu-toolchain/bin/../lib/gcc/arm-none-eabi/4.8.4/../../../../arm-none-eabi/lib/armv7-m\libc.a(lib_a-__call_atexit.o)
 .ARM.attributes
                0x000003bc       0x2d c:/program files (x86)/atmel/atmel toolchain/arm gcc/native/4.8.1437/arm-gnu-toolchain/bin/../lib/gcc/arm-none-eabi/4.8.4/../../../../arm-none-eabi/lib/armv7-m\libc.a(lib_a-atexit.o)
 .ARM.attributes
                0x000003e9       0x2d c:/program files (x86)/atmel/atmel toolchain/arm gcc/native/4.8.1437/arm-gnu-toolchain/bin/../lib/gcc/arm-none-eabi/4.8.4/../../../../arm-none-eabi/lib/armv7-m\libc.a(lib_a-ctype_.o)
 .ARM.attributes
                0x00000416       0x2d c:/program files (x86)/atmel/atmel toolchain/arm gcc/native/4.8.1437/arm-gnu-toolchain/bin/../lib/gcc/arm-none-eabi/4.8.4/../../../../arm-none-eabi/lib/armv7-m\libc.a(lib_a-fini.o)
 .ARM.attributes
                0x00000443       0x2d c:/program files (x86)/atmel/atmel toolchain/arm gcc/native/4.8.1437/arm-gnu-toolchain/bin/../lib/gcc/arm-none-eabi/4.8.4/../../../../arm-none-eabi/lib/armv7-m\libc.a(lib_a-__atexit.o)
 .ARM.attributes
                0x00000470       0x1d c:/program files (x86)/atmel/atmel toolchain/arm gcc/native/4.8.1437/arm-gnu-toolchain/bin/../lib/gcc/arm-none-eabi/4.8.4/armv7-m/crtn.o

.comment        0x00000000       0x5b
 .comment       0x00000000       0x5b cmsis/src/startup_sam3xa.o
                                 0x5c (size before relaxing)
 .comment       0x00000000       0x5c cmsis/src/system_sam3xa.o
 .comment       0x00000000       0x5c Encoders.o
 .comment       0x00000000       0x5c GccApplication1.o
 .comment       0x00000000       0x5c InitCfg.o
 .comment       0x00000000       0x5c MotorCtrl.o
 .comment       0x00000000       0x5c TmrCfg.o
 .comment       0x00000000       0x5c UART.o

.debug_info     0x00000000     0x472f
 .debug_info    0x00000000      0x6e5 cmsis/src/startup_sam3xa.o
 .debug_info    0x000006e5      0x454 cmsis/src/system_sam3xa.o
 .debug_info    0x00000b39      0x57d Encoders.o
 .debug_info    0x000010b6      0x5f0 GccApplication1.o
 .debug_info    0x000016a6      0xb92 InitCfg.o
 .debug_info    0x00002238      0xe03 MotorCtrl.o
 .debug_info    0x0000303b      0x871 TmrCfg.o
 .debug_info    0x000038ac      0xe83 UART.o

.debug_abbrev   0x00000000      0xa47
 .debug_abbrev  0x00000000      0x136 cmsis/src/startup_sam3xa.o
 .debug_abbrev  0x00000136       0xf5 cmsis/src/system_sam3xa.o
 .debug_abbrev  0x0000022b       0xf9 Encoders.o
 .debug_abbrev  0x00000324       0xfb GccApplication1.o
 .debug_abbrev  0x0000041f      0x148 InitCfg.o
 .debug_abbrev  0x00000567      0x13c MotorCtrl.o
 .debug_abbrev  0x000006a3      0x18d TmrCfg.o
 .debug_abbrev  0x00000830      0x217 UART.o

.debug_loc      0x00000000      0x73a
 .debug_loc     0x00000000       0x64 cmsis/src/startup_sam3xa.o
 .debug_loc     0x00000064       0x90 cmsis/src/system_sam3xa.o
 .debug_loc     0x000000f4       0x90 Encoders.o
 .debug_loc     0x00000184       0x58 GccApplication1.o
 .debug_loc     0x000001dc       0x9c InitCfg.o
 .debug_loc     0x00000278      0x1a8 MotorCtrl.o
 .debug_loc     0x00000420       0xf4 TmrCfg.o
 .debug_loc     0x00000514      0x226 UART.o

.debug_aranges  0x00000000      0x1e0
 .debug_aranges
                0x00000000       0x28 cmsis/src/startup_sam3xa.o
 .debug_aranges
                0x00000028       0x30 cmsis/src/system_sam3xa.o
 .debug_aranges
                0x00000058       0x30 Encoders.o
 .debug_aranges
                0x00000088       0x28 GccApplication1.o
 .debug_aranges
                0x000000b0       0x30 InitCfg.o
 .debug_aranges
                0x000000e0       0x58 MotorCtrl.o
 .debug_aranges
                0x00000138       0x40 TmrCfg.o
 .debug_aranges
                0x00000178       0x68 UART.o

.debug_ranges   0x00000000      0x160
 .debug_ranges  0x00000000       0x18 cmsis/src/startup_sam3xa.o
 .debug_ranges  0x00000018       0x20 cmsis/src/system_sam3xa.o
 .debug_ranges  0x00000038       0x20 Encoders.o
 .debug_ranges  0x00000058       0x18 GccApplication1.o
 .debug_ranges  0x00000070       0x20 InitCfg.o
 .debug_ranges  0x00000090       0x48 MotorCtrl.o
 .debug_ranges  0x000000d8       0x30 TmrCfg.o
 .debug_ranges  0x00000108       0x58 UART.o

.debug_macro    0x00000000    0x11f30
 .debug_macro   0x00000000      0x332 cmsis/src/startup_sam3xa.o
 .debug_macro   0x00000332      0x856 cmsis/src/startup_sam3xa.o
 .debug_macro   0x00000b88       0x16 cmsis/src/startup_sam3xa.o
 .debug_macro   0x00000b9e       0x44 cmsis/src/startup_sam3xa.o
 .debug_macro   0x00000be2      0x209 cmsis/src/startup_sam3xa.o
 .debug_macro   0x00000deb       0x20 cmsis/src/startup_sam3xa.o
 .debug_macro   0x00000e0b       0x3a cmsis/src/startup_sam3xa.o
 .debug_macro   0x00000e45       0x2d cmsis/src/startup_sam3xa.o
 .debug_macro   0x00000e72      0xbb1 cmsis/src/startup_sam3xa.o
 .debug_macro   0x00001a23      0xa7d cmsis/src/startup_sam3xa.o
 .debug_macro   0x000024a0      0x55a cmsis/src/startup_sam3xa.o
 .debug_macro   0x000029fa      0x1a8 cmsis/src/startup_sam3xa.o
 .debug_macro   0x00002ba2      0x30b cmsis/src/startup_sam3xa.o
 .debug_macro   0x00002ead      0x709 cmsis/src/startup_sam3xa.o
 .debug_macro   0x000035b6       0xd6 cmsis/src/startup_sam3xa.o
 .debug_macro   0x0000368c      0x56c cmsis/src/startup_sam3xa.o
 .debug_macro   0x00003bf8       0x1c cmsis/src/startup_sam3xa.o
 .debug_macro   0x00003c14      0x678 cmsis/src/startup_sam3xa.o
 .debug_macro   0x0000428c      0x51e cmsis/src/startup_sam3xa.o
 .debug_macro   0x000047aa       0xbe cmsis/src/startup_sam3xa.o
 .debug_macro   0x00004868     0x2333 cmsis/src/startup_sam3xa.o
 .debug_macro   0x00006b9b      0x7d1 cmsis/src/startup_sam3xa.o
 .debug_macro   0x0000736c      0xdbb cmsis/src/startup_sam3xa.o
 .debug_macro   0x00008127       0x9a cmsis/src/startup_sam3xa.o
 .debug_macro   0x000081c1      0x29c cmsis/src/startup_sam3xa.o
 .debug_macro   0x0000845d       0x58 cmsis/src/startup_sam3xa.o
 .debug_macro   0x000084b5      0x999 cmsis/src/startup_sam3xa.o
 .debug_macro   0x00008e4e      0x22d cmsis/src/startup_sam3xa.o
 .debug_macro   0x0000907b      0x4b4 cmsis/src/startup_sam3xa.o
 .debug_macro   0x0000952f      0x64a cmsis/src/startup_sam3xa.o
 .debug_macro   0x00009b79      0x590 cmsis/src/startup_sam3xa.o
 .debug_macro   0x0000a109       0x46 cmsis/src/startup_sam3xa.o
 .debug_macro   0x0000a14f      0x33f cmsis/src/startup_sam3xa.o
 .debug_macro   0x0000a48e      0x27e cmsis/src/startup_sam3xa.o
 .debug_macro   0x0000a70c     0x14dc cmsis/src/startup_sam3xa.o
 .debug_macro   0x0000bbe8      0x7cf cmsis/src/startup_sam3xa.o
 .debug_macro   0x0000c3b7       0x76 cmsis/src/startup_sam3xa.o
 .debug_macro   0x0000c42d       0x82 cmsis/src/startup_sam3xa.o
 .debug_macro   0x0000c4af       0x76 cmsis/src/startup_sam3xa.o
 .debug_macro   0x0000c525       0x4c cmsis/src/startup_sam3xa.o
 .debug_macro   0x0000c571      0x100 cmsis/src/startup_sam3xa.o
 .debug_macro   0x0000c671      0x100 cmsis/src/startup_sam3xa.o
 .debug_macro   0x0000c771      0x100 cmsis/src/startup_sam3xa.o
 .debug_macro   0x0000c871       0x88 cmsis/src/startup_sam3xa.o
 .debug_macro   0x0000c8f9       0x88 cmsis/src/startup_sam3xa.o
 .debug_macro   0x0000c981      0x3b4 cmsis/src/startup_sam3xa.o
 .debug_macro   0x0000cd35       0xbe cmsis/src/startup_sam3xa.o
 .debug_macro   0x0000cdf3       0xbe cmsis/src/startup_sam3xa.o
 .debug_macro   0x0000ceb1       0xbe cmsis/src/startup_sam3xa.o
 .debug_macro   0x0000cf6f       0xbe cmsis/src/startup_sam3xa.o
 .debug_macro   0x0000d02d      0x2b8 cmsis/src/startup_sam3xa.o
 .debug_macro   0x0000d2e5      0x118 cmsis/src/startup_sam3xa.o
 .debug_macro   0x0000d3fd      0x216 cmsis/src/startup_sam3xa.o
 .debug_macro   0x0000d613      0x216 cmsis/src/startup_sam3xa.o
 .debug_macro   0x0000d829       0x2e cmsis/src/startup_sam3xa.o
 .debug_macro   0x0000d857       0xac cmsis/src/startup_sam3xa.o
 .debug_macro   0x0000d903      0x13e cmsis/src/startup_sam3xa.o
 .debug_macro   0x0000da41       0x7c cmsis/src/startup_sam3xa.o
 .debug_macro   0x0000dabd      0x1f6 cmsis/src/startup_sam3xa.o
 .debug_macro   0x0000dcb3       0x64 cmsis/src/startup_sam3xa.o
 .debug_macro   0x0000dd17       0xa6 cmsis/src/startup_sam3xa.o
 .debug_macro   0x0000ddbd       0x7c cmsis/src/startup_sam3xa.o
 .debug_macro   0x0000de39       0x16 cmsis/src/startup_sam3xa.o
 .debug_macro   0x0000de4f       0x22 cmsis/src/startup_sam3xa.o
 .debug_macro   0x0000de71       0x22 cmsis/src/startup_sam3xa.o
 .debug_macro   0x0000de93      0x10c cmsis/src/startup_sam3xa.o
 .debug_macro   0x0000df9f      0x10c cmsis/src/startup_sam3xa.o
 .debug_macro   0x0000e0ab      0x10c cmsis/src/startup_sam3xa.o
 .debug_macro   0x0000e1b7      0x10c cmsis/src/startup_sam3xa.o
 .debug_macro   0x0000e2c3       0x1c cmsis/src/startup_sam3xa.o
 .debug_macro   0x0000e2df       0x2e cmsis/src/startup_sam3xa.o
 .debug_macro   0x0000e30d       0x22 cmsis/src/startup_sam3xa.o
 .debug_macro   0x0000e32f       0x1c cmsis/src/startup_sam3xa.o
 .debug_macro   0x0000e34b       0x58 cmsis/src/startup_sam3xa.o
 .debug_macro   0x0000e3a3       0x10 cmsis/src/startup_sam3xa.o
 .debug_macro   0x0000e3b3      0x27a cmsis/src/startup_sam3xa.o
 .debug_macro   0x0000e62d      0xd34 cmsis/src/startup_sam3xa.o
 .debug_macro   0x0000f361      0x170 cmsis/src/startup_sam3xa.o
 .debug_macro   0x0000f4d1      0x344 cmsis/src/system_sam3xa.o
 .debug_macro   0x0000f815      0x36d Encoders.o
 .debug_macro   0x0000fb82      0x51e Encoders.o
 .debug_macro   0x000100a0       0x22 Encoders.o
 .debug_macro   0x000100c2      0x4be GccApplication1.o
 .debug_macro   0x00010580       0x58 GccApplication1.o
 .debug_macro   0x000105d8       0x35 GccApplication1.o
 .debug_macro   0x0001060d       0xa3 GccApplication1.o
 .debug_macro   0x000106b0       0x16 GccApplication1.o
 .debug_macro   0x000106c6       0x97 GccApplication1.o
 .debug_macro   0x0001075d       0x10 GccApplication1.o
 .debug_macro   0x0001076d       0xef GccApplication1.o
 .debug_macro   0x0001085c       0x52 GccApplication1.o
 .debug_macro   0x000108ae       0x16 GccApplication1.o
 .debug_macro   0x000108c4       0x43 GccApplication1.o
 .debug_macro   0x00010907      0x180 GccApplication1.o
 .debug_macro   0x00010a87       0x10 GccApplication1.o
 .debug_macro   0x00010a97       0x22 GccApplication1.o
 .debug_macro   0x00010ab9       0xbd GccApplication1.o
 .debug_macro   0x00010b76       0x16 GccApplication1.o
 .debug_macro   0x00010b8c      0x16c GccApplication1.o
 .debug_macro   0x00010cf8      0x2a6 GccApplication1.o
 .debug_macro   0x00010f9e       0x10 GccApplication1.o
 .debug_macro   0x00010fae       0x35 GccApplication1.o
 .debug_macro   0x00010fe3       0x1f GccApplication1.o
 .debug_macro   0x00011002       0x16 GccApplication1.o
 .debug_macro   0x00011018       0x16 GccApplication1.o
 .debug_macro   0x0001102e       0x29 GccApplication1.o
 .debug_macro   0x00011057      0x35c InitCfg.o
 .debug_macro   0x000113b3      0x385 MotorCtrl.o
 .debug_macro   0x00011738      0x35a TmrCfg.o
 .debug_macro   0x00011a92      0x49e UART.o

.debug_line     0x00000000     0x463d
 .debug_line    0x00000000      0x7a9 cmsis/src/startup_sam3xa.o
 .debug_line    0x000007a9      0x818 cmsis/src/system_sam3xa.o
 .debug_line    0x00000fc1      0x84a Encoders.o
 .debug_line    0x0000180b      0x9d4 GccApplication1.o
 .debug_line    0x000021df      0x843 InitCfg.o
 .debug_line    0x00002a22      0x91e MotorCtrl.o
 .debug_line    0x00003340      0x853 TmrCfg.o
 .debug_line    0x00003b93      0xaaa UART.o

.debug_str      0x00000000    0x55407
 .debug_str     0x00000000    0x4e3a0 cmsis/src/startup_sam3xa.o
                              0x4e547 (size before relaxing)
 .debug_str     0x0004e3a0      0x2d2 cmsis/src/system_sam3xa.o
                              0x4e311 (size before relaxing)
 .debug_str     0x0004e672     0x3413 Encoders.o
                              0x514dc (size before relaxing)
 .debug_str     0x00051a85     0x313b GccApplication1.o
                              0x54664 (size before relaxing)
 .debug_str     0x00054bc0      0x2e9 InitCfg.o
                              0x5180f (size before relaxing)
 .debug_str     0x00054ea9      0x315 MotorCtrl.o
                              0x518be (size before relaxing)
 .debug_str     0x000551be       0xf6 TmrCfg.o
                              0x516c3 (size before relaxing)
 .debug_str     0x000552b4      0x153 UART.o
                              0x54af0 (size before relaxing)

.debug_frame    0x00000000      0x664
 .debug_frame   0x00000000       0x48 cmsis/src/startup_sam3xa.o
 .debug_frame   0x00000048       0x5c cmsis/src/system_sam3xa.o
 .debug_frame   0x000000a4       0x5c Encoders.o
 .debug_frame   0x00000100       0x48 GccApplication1.o
 .debug_frame   0x00000148       0x64 InitCfg.o
 .debug_frame   0x000001ac      0x100 MotorCtrl.o
 .debug_frame   0x000002ac       0x98 TmrCfg.o
 .debug_frame   0x00000344      0x138 UART.o
 .debug_frame   0x0000047c       0x2c c:/program files (x86)/atmel/atmel toolchain/arm gcc/native/4.8.1437/arm-gnu-toolchain/bin/../lib/gcc/arm-none-eabi/4.8.4/../../../../arm-none-eabi/lib/armv7-m\libc.a(lib_a-init.o)
 .debug_frame   0x000004a8       0x2c c:/program files (x86)/atmel/atmel toolchain/arm gcc/native/4.8.1437/arm-gnu-toolchain/bin/../lib/gcc/arm-none-eabi/4.8.4/../../../../arm-none-eabi/lib/armv7-m\libc.a(lib_a-memset.o)
 .debug_frame   0x000004d4       0x20 c:/program files (x86)/atmel/atmel toolchain/arm gcc/native/4.8.1437/arm-gnu-toolchain/bin/../lib/gcc/arm-none-eabi/4.8.4/../../../../arm-none-eabi/lib/armv7-m\libc.a(lib_a-strlen.o)
 .debug_frame   0x000004f4       0x20 c:/program files (x86)/atmel/atmel toolchain/arm gcc/native/4.8.1437/arm-gnu-toolchain/bin/../lib/gcc/arm-none-eabi/4.8.4/../../../../arm-none-eabi/lib/armv7-m\libc.a(lib_a-strtok.o)
 .debug_frame   0x00000514       0x3c c:/program files (x86)/atmel/atmel toolchain/arm gcc/native/4.8.1437/arm-gnu-toolchain/bin/../lib/gcc/arm-none-eabi/4.8.4/../../../../arm-none-eabi/lib/armv7-m\libc.a(lib_a-strtok_r.o)
 .debug_frame   0x00000550       0x50 c:/program files (x86)/atmel/atmel toolchain/arm gcc/native/4.8.1437/arm-gnu-toolchain/bin/../lib/gcc/arm-none-eabi/4.8.4/../../../../arm-none-eabi/lib/armv7-m\libc.a(lib_a-strtol.o)
 .debug_frame   0x000005a0       0x48 c:/program files (x86)/atmel/atmel toolchain/arm gcc/native/4.8.1437/arm-gnu-toolchain/bin/../lib/gcc/arm-none-eabi/4.8.4/../../../../arm-none-eabi/lib/armv7-m\libc.a(lib_a-__call_atexit.o)
 .debug_frame   0x000005e8       0x20 c:/program files (x86)/atmel/atmel toolchain/arm gcc/native/4.8.1437/arm-gnu-toolchain/bin/../lib/gcc/arm-none-eabi/4.8.4/../../../../arm-none-eabi/lib/armv7-m\libc.a(lib_a-atexit.o)
 .debug_frame   0x00000608       0x2c c:/program files (x86)/atmel/atmel toolchain/arm gcc/native/4.8.1437/arm-gnu-toolchain/bin/../lib/gcc/arm-none-eabi/4.8.4/../../../../arm-none-eabi/lib/armv7-m\libc.a(lib_a-fini.o)
 .debug_frame   0x00000634       0x30 c:/program files (x86)/atmel/atmel toolchain/arm gcc/native/4.8.1437/arm-gnu-toolchain/bin/../lib/gcc/arm-none-eabi/4.8.4/../../../../arm-none-eabi/lib/armv7-m\libc.a(lib_a-__atexit.o)
