Archive member included because of file (symbol)

c:/program files (x86)/atmel/studio/7.0/toolchain/arm/arm-gnu-toolchain/bin/../lib/gcc/arm-none-eabi/4.9.3/armv7-m\libgcc.a(_arm_addsubdf3.o)
                              MotorCtrl.o (__aeabi_dsub)
c:/program files (x86)/atmel/studio/7.0/toolchain/arm/arm-gnu-toolchain/bin/../lib/gcc/arm-none-eabi/4.9.3/armv7-m\libgcc.a(_arm_muldivdf3.o)
                              MotorCtrl.o (__aeabi_ddiv)
c:/program files (x86)/atmel/studio/7.0/toolchain/arm/arm-gnu-toolchain/bin/../lib/gcc/arm-none-eabi/4.9.3/armv7-m\libgcc.a(_arm_fixdfsi.o)
                              MotorCtrl.o (__aeabi_d2iz)
c:/program files (x86)/atmel/studio/7.0/toolchain/arm/arm-gnu-toolchain/bin/../lib/gcc/arm-none-eabi/4.9.3/../../../../arm-none-eabi/lib/armv7-m\libc.a(lib_a-exit.o)
                              c:/program files (x86)/atmel/studio/7.0/toolchain/arm/arm-gnu-toolchain/bin/../lib/gcc/arm-none-eabi/4.9.3/../../../../arm-none-eabi/lib/armv7-m/crt0.o (exit)
c:/program files (x86)/atmel/studio/7.0/toolchain/arm/arm-gnu-toolchain/bin/../lib/gcc/arm-none-eabi/4.9.3/../../../../arm-none-eabi/lib/armv7-m\libc.a(lib_a-impure.o)
                              c:/program files (x86)/atmel/studio/7.0/toolchain/arm/arm-gnu-toolchain/bin/../lib/gcc/arm-none-eabi/4.9.3/../../../../arm-none-eabi/lib/armv7-m\libc.a(lib_a-exit.o) (_global_impure_ptr)
c:/program files (x86)/atmel/studio/7.0/toolchain/arm/arm-gnu-toolchain/bin/../lib/gcc/arm-none-eabi/4.9.3/../../../../arm-none-eabi/lib/armv7-m\libc.a(lib_a-init.o)
                              c:/program files (x86)/atmel/studio/7.0/toolchain/arm/arm-gnu-toolchain/bin/../lib/gcc/arm-none-eabi/4.9.3/../../../../arm-none-eabi/lib/armv7-m/crt0.o (__libc_init_array)
c:/program files (x86)/atmel/studio/7.0/toolchain/arm/arm-gnu-toolchain/bin/../lib/gcc/arm-none-eabi/4.9.3/../../../../arm-none-eabi/lib/armv7-m\libc.a(lib_a-memset.o)
                              c:/program files (x86)/atmel/studio/7.0/toolchain/arm/arm-gnu-toolchain/bin/../lib/gcc/arm-none-eabi/4.9.3/../../../../arm-none-eabi/lib/armv7-m/crt0.o (memset)
c:/program files (x86)/atmel/studio/7.0/toolchain/arm/arm-gnu-toolchain/bin/../lib/gcc/arm-none-eabi/4.9.3/../../../../arm-none-eabi/lib/armv7-m\libc.a(lib_a-strlen.o)
                              UART.o (strlen)
c:/program files (x86)/atmel/studio/7.0/toolchain/arm/arm-gnu-toolchain/bin/../lib/gcc/arm-none-eabi/4.9.3/../../../../arm-none-eabi/lib/armv7-m\libc.a(lib_a-strtok.o)
                              UART.o (strtok)
c:/program files (x86)/atmel/studio/7.0/toolchain/arm/arm-gnu-toolchain/bin/../lib/gcc/arm-none-eabi/4.9.3/../../../../arm-none-eabi/lib/armv7-m\libc.a(lib_a-strtok_r.o)
                              c:/program files (x86)/atmel/studio/7.0/toolchain/arm/arm-gnu-toolchain/bin/../lib/gcc/arm-none-eabi/4.9.3/../../../../arm-none-eabi/lib/armv7-m\libc.a(lib_a-strtok.o) (__strtok_r)
c:/program files (x86)/atmel/studio/7.0/toolchain/arm/arm-gnu-toolchain/bin/../lib/gcc/arm-none-eabi/4.9.3/../../../../arm-none-eabi/lib/armv7-m\libc.a(lib_a-strtol.o)
                              UART.o (strtol)
c:/program files (x86)/atmel/studio/7.0/toolchain/arm/arm-gnu-toolchain/bin/../lib/gcc/arm-none-eabi/4.9.3/../../../../arm-none-eabi/lib/armv7-m\libc.a(lib_a-__call_atexit.o)
                              c:/program files (x86)/atmel/studio/7.0/toolchain/arm/arm-gnu-toolchain/bin/../lib/gcc/arm-none-eabi/4.9.3/../../../../arm-none-eabi/lib/armv7-m\libc.a(lib_a-exit.o) (__call_exitprocs)
c:/program files (x86)/atmel/studio/7.0/toolchain/arm/arm-gnu-toolchain/bin/../lib/gcc/arm-none-eabi/4.9.3/../../../../arm-none-eabi/lib/armv7-m\libc.a(lib_a-atexit.o)
                              c:/program files (x86)/atmel/studio/7.0/toolchain/arm/arm-gnu-toolchain/bin/../lib/gcc/arm-none-eabi/4.9.3/../../../../arm-none-eabi/lib/armv7-m\libc.a(lib_a-__call_atexit.o) (atexit)
c:/program files (x86)/atmel/studio/7.0/toolchain/arm/arm-gnu-toolchain/bin/../lib/gcc/arm-none-eabi/4.9.3/../../../../arm-none-eabi/lib/armv7-m\libc.a(lib_a-ctype_.o)
                              c:/program files (x86)/atmel/studio/7.0/toolchain/arm/arm-gnu-toolchain/bin/../lib/gcc/arm-none-eabi/4.9.3/../../../../arm-none-eabi/lib/armv7-m\libc.a(lib_a-strtol.o) (__ctype_ptr__)
c:/program files (x86)/atmel/studio/7.0/toolchain/arm/arm-gnu-toolchain/bin/../lib/gcc/arm-none-eabi/4.9.3/../../../../arm-none-eabi/lib/armv7-m\libc.a(lib_a-fini.o)
                              c:/program files (x86)/atmel/studio/7.0/toolchain/arm/arm-gnu-toolchain/bin/../lib/gcc/arm-none-eabi/4.9.3/../../../../arm-none-eabi/lib/armv7-m\libc.a(lib_a-__call_atexit.o) (__libc_fini_array)
c:/program files (x86)/atmel/studio/7.0/toolchain/arm/arm-gnu-toolchain/bin/../lib/gcc/arm-none-eabi/4.9.3/../../../../arm-none-eabi/lib/armv7-m\libc.a(lib_a-__atexit.o)
[...]
Memory Configuration

Name             Origin             Length             Attributes
rom              0x00080000         0x00080000         xr
ram              0x20000000         0x00018000         xrw
*default*        0x00000000         0xffffffff

Linker script and memory map

LOAD c:/program files (x86)/atmel/studio/7.0/toolchain/arm/arm-gnu-toolchain/bin/../lib/gcc/arm-none-eabi/4.9.3/armv7-m/crti.o
LOAD c:/program files (x86)/atmel/studio/7.0/toolchain/arm/arm-gnu-toolchain/bin/../lib/gcc/arm-none-eabi/4.9.3/armv7-m/crtbegin.o
LOAD c:/program files (x86)/atmel/studio/7.0/toolchain/arm/arm-gnu-toolchain/bin/../lib/gcc/arm-none-eabi/4.9.3/../../../../arm-none-eabi/lib/armv7-m/crt0.o
LOAD Device_Startup/startup_sam3xa.o
LOAD Device_Startup/system_sam3xa.o
LOAD Encoders.o
LOAD GccApplication1.o
LOAD InitCfg.o
LOAD MotorCtrl.o
LOAD TmrCfg.o
LOAD UART.o
START GROUP
LOAD c:/program files (x86)/atmel/studio/7.0/toolchain/arm/arm-gnu-toolchain/bin/../lib/gcc/arm-none-eabi/4.9.3/../../../../arm-none-eabi/lib/armv7-m\libm.a
END GROUP
START GROUP
LOAD c:/program files (x86)/atmel/studio/7.0/toolchain/arm/arm-gnu-toolchain/bin/../lib/gcc/arm-none-eabi/4.9.3/armv7-m\libgcc.a
LOAD c:/program files (x86)/atmel/studio/7.0/toolchain/arm/arm-gnu-toolchain/bin/../lib/gcc/arm-none-eabi/4.9.3/../../../../arm-none-eabi/lib/armv7-m\libc.a
END GROUP
LOAD c:/program files (x86)/atmel/studio/7.0/toolchain/arm/arm-gnu-toolchain/bin/../lib/gcc/arm-none-eabi/4.9.3/armv7-m/crtend.o
LOAD c:/program files (x86)/atmel/studio/7.0/toolchain/arm/arm-gnu-toolchain/bin/../lib/gcc/arm-none-eabi/4.9.3/armv7-m/crtn.o
                0x00000400                STACK_SIZE = DEFINED (STACK_SIZE)?STACK_SIZE:0x400
                0x00000200                HEAP_SIZE = DEFINED (HEAP_SIZE)?HEAP_SIZE:0x200

.text           0x00080000     0x1bf0
                0x00080000                . = ALIGN (0x4)
                0x00080000                _sfixed = .
 *(.vectors .vectors.*)
 .vectors       0x00080000       0xf4 Device_Startup/startup_sam3xa.o
                0x00080000                exception_table
 *(.text .text.* .gnu.linkonce.t.*)
 .text          0x000800f4       0x5c c:/program files (x86)/atmel/studio/7.0/toolchain/arm/arm-gnu-toolchain/bin/../lib/gcc/arm-none-eabi/4.9.3/armv7-m/crtbegin.o
 .text.Reset_Handler
                0x00080150       0x88 Device_Startup/startup_sam3xa.o
                0x00080150                Reset_Handler
 .text.Dummy_Handler
                0x000801d8        0x8 Device_Startup/startup_sam3xa.o
                0x000801d8                DACC_Handler
                0x000801d8                DebugMon_Handler
                0x000801d8                DMAC_Handler
                0x000801d8                TRNG_Handler
                0x000801d8                HardFault_Handler
                0x000801d8                TC2_Handler
                0x000801d8                SysTick_Handler
                0x000801d8                USART3_Handler
                0x000801d8                TWI1_Handler
                0x000801d8                PendSV_Handler
                0x000801d8                NMI_Handler
                0x000801d8                TC7_Handler
                0x000801d8                ADC_Handler
                0x000801d8                SMC_Handler
                0x000801d8                USART0_Handler
                0x000801d8                RTT_Handler
                0x000801d8                EFC1_Handler
                0x000801d8                RTC_Handler
                0x000801d8                UsageFault_Handler
                0x000801d8                TC6_Handler
                0x000801d8                WDT_Handler
                0x000801d8                CAN0_Handler
                0x000801d8                TC4_Handler
                0x000801d8                TC1_Handler
                0x000801d8                HSMCI_Handler
                0x000801d8                TC3_Handler
                0x000801d8                Dummy_Handler
                0x000801d8                TWI0_Handler
                0x000801d8                USART1_Handler
                0x000801d8                PIOA_Handler
                0x000801d8                SSC_Handler
                0x000801d8                EFC0_Handler
                0x000801d8                PMC_Handler
                0x000801d8                PWM_Handler
                0x000801d8                CAN1_Handler
                0x000801d8                MemManage_Handler
                0x000801d8                SUPC_Handler
                0x000801d8                SVC_Handler
                0x000801d8                TC8_Handler
                0x000801d8                USART2_Handler
                0x000801d8                EMAC_Handler
                0x000801d8                BusFault_Handler
                0x000801d8                RSTC_Handler
                0x000801d8                TC5_Handler
                0x000801d8                UOTGHS_Handler
                0x000801d8                SPI0_Handler
 .text.SystemInit
                0x000801e0       0xd0 Device_Startup/system_sam3xa.o
                0x000801e0                SystemInit
 .text.PIOB_Handler
                0x000802b0       0x38 Encoders.o
                0x000802b0                PIOB_Handler
 .text.PIOD_Handler
                0x000802e8       0x38 Encoders.o
                0x000802e8                PIOD_Handler
 .text.PIOC_Handler
                0x00080320       0x60 Encoders.o
                0x00080320                PIOC_Handler
 .text.main     0x00080380       0xc8 GccApplication1.o
                0x00080380                main
 .text.NVIC_EnableIRQ
                0x00080448       0x30 InitCfg.o
 .text.Pin_Configuration
                0x00080478      0x2b8 InitCfg.o
                0x00080478                Pin_Configuration
 .text.InitPWMController_MCLK
                0x00080730       0x68 MotorCtrl.o
                0x00080730                InitPWMController_MCLK
 .text.SetPeriod
                0x00080798       0x4c MotorCtrl.o
 .text.SetDuty  0x000807e4       0x4c MotorCtrl.o
 .text.WriteMotors
                0x00080830       0xb8 MotorCtrl.o
                0x00080830                WriteMotors
 .text.InitMotors
                0x000808e8       0x78 MotorCtrl.o
                0x000808e8                InitMotors
 .text.ControlledDrive
                0x00080960       0xd8 MotorCtrl.o
                0x00080960                ControlledDrive
 .text.NVIC_EnableIRQ
                0x00080a38       0x30 TmrCfg.o
 .text.Configure_Timers
                0x00080a68       0x10 TmrCfg.o
                0x00080a68                Configure_Timers
 .text.Configure_TC0
                0x00080a78       0x4c TmrCfg.o
                0x00080a78                Configure_TC0
 .text.TC0_Handler
                0x00080ac4       0x24 TmrCfg.o
                0x00080ac4                TC0_Handler
 .text.delay_ms
                0x00080ae8       0x40 TmrCfg.o
                0x00080ae8                delay_ms
 .text.NVIC_EnableIRQ
                0x00080b28       0x30 UART.o
 .text.uart_putchar
                0x00080b58       0x4c UART.o
                0x00080b58                uart_putchar
 .text.UART_Handler
                0x00080ba4       0xc0 UART.o
                0x00080ba4                UART_Handler
 .text.sendString
                0x00080c64       0x40 UART.o
                0x00080c64                sendString
 .text.getNewSpeed
                0x00080ca4       0x24 UART.o
                0x00080ca4                getNewSpeed
 .text.parseSpeed
                0x00080cc8      0x100 UART.o
                0x00080cc8                parseSpeed
 .text.configure_uart
                0x00080dc8       0xb8 UART.o
                0x00080dc8                configure_uart
 .text          0x00080e80      0x370 c:/program files (x86)/atmel/studio/7.0/toolchain/arm/arm-gnu-toolchain/bin/../lib/gcc/arm-none-eabi/4.9.3/armv7-m\libgcc.a(_arm_addsubdf3.o)
                0x00080e80                __aeabi_drsub
                0x00080e88                __aeabi_dsub
                0x00080e88                __subdf3
                0x00080e8c                __aeabi_dadd
                0x00080e8c                __adddf3
                0x00081104                __floatunsidf
                0x00081104                __aeabi_ui2d
                0x00081124                __floatsidf
                0x00081124                __aeabi_i2d
                0x00081148                __aeabi_f2d
                0x00081148                __extendsfdf2
                0x00081184                __floatundidf
                0x00081184                __aeabi_ul2d
                0x00081194                __floatdidf
                0x00081194                __aeabi_l2d
 .text          0x000811f0      0x424 c:/program files (x86)/atmel/studio/7.0/toolchain/arm/arm-gnu-toolchain/bin/../lib/gcc/arm-none-eabi/4.9.3/armv7-m\libgcc.a(_arm_muldivdf3.o)
                0x000811f0                __aeabi_dmul
                0x000811f0                __muldf3
                0x00081444                __divdf3
                0x00081444                __aeabi_ddiv
 .text          0x00081614       0x50 c:/program files (x86)/atmel/studio/7.0/toolchain/arm/arm-gnu-toolchain/bin/../lib/gcc/arm-none-eabi/4.9.3/armv7-m\libgcc.a(_arm_fixdfsi.o)
                0x00081614                __aeabi_d2iz
                0x00081614                __fixdfsi
 .text.__libc_init_array
                0x00081664       0x50 c:/program files (x86)/atmel/studio/7.0/toolchain/arm/arm-gnu-toolchain/bin/../lib/gcc/arm-none-eabi/4.9.3/../../../../arm-none-eabi/lib/armv7-m\libc.a(lib_a-init.o)
                0x00081664                __libc_init_array
 .text.memset   0x000816b4       0x9c c:/program files (x86)/atmel/studio/7.0/toolchain/arm/arm-gnu-toolchain/bin/../lib/gcc/arm-none-eabi/4.9.3/../../../../arm-none-eabi/lib/armv7-m\libc.a(lib_a-memset.o)
                0x000816b4                memset
 .text.strlen   0x00081750       0x5c c:/program files (x86)/atmel/studio/7.0/toolchain/arm/arm-gnu-toolchain/bin/../lib/gcc/arm-none-eabi/4.9.3/../../../../arm-none-eabi/lib/armv7-m\libc.a(lib_a-strlen.o)
                0x00081750                strlen
 .text.strtok   0x000817ac       0x10 c:/program files (x86)/atmel/studio/7.0/toolchain/arm/arm-gnu-toolchain/bin/../lib/gcc/arm-none-eabi/4.9.3/../../../../arm-none-eabi/lib/armv7-m\libc.a(lib_a-strtok.o)
                0x000817ac                strtok
 .text.__strtok_r
                0x000817bc       0x64 c:/program files (x86)/atmel/studio/7.0/toolchain/arm/arm-gnu-toolchain/bin/../lib/gcc/arm-none-eabi/4.9.3/../../../../arm-none-eabi/lib/armv7-m\libc.a(lib_a-strtok_r.o)
                0x000817bc                __strtok_r
 .text._strtol_r
                0x00081820      0x11c c:/program files (x86)/atmel/studio/7.0/toolchain/arm/arm-gnu-toolchain/bin/../lib/gcc/arm-none-eabi/4.9.3/../../../../arm-none-eabi/lib/armv7-m\libc.a(lib_a-strtol.o)
                0x00081820                _strtol_r
 .text.strtol   0x0008193c       0x18 c:/program files (x86)/atmel/studio/7.0/toolchain/arm/arm-gnu-toolchain/bin/../lib/gcc/arm-none-eabi/4.9.3/../../../../arm-none-eabi/lib/armv7-m\libc.a(lib_a-strtol.o)
                0x0008193c                strtol
 .text.startup.register_fini
                0x00081954       0x14 c:/program files (x86)/atmel/studio/7.0/toolchain/arm/arm-gnu-toolchain/bin/../lib/gcc/arm-none-eabi/4.9.3/../../../../arm-none-eabi/lib/armv7-m\libc.a(lib_a-__call_atexit.o)
 .text.atexit   0x00081968        0xc c:/program files (x86)/atmel/studio/7.0/toolchain/arm/arm-gnu-toolchain/bin/../lib/gcc/arm-none-eabi/4.9.3/../../../../arm-none-eabi/lib/armv7-m\libc.a(lib_a-atexit.o)
                0x00081968                atexit
 .text.__libc_fini_array
                0x00081974       0x2c c:/program files (x86)/atmel/studio/7.0/toolchain/arm/arm-gnu-toolchain/bin/../lib/gcc/arm-none-eabi/4.9.3/../../../../arm-none-eabi/lib/armv7-m\libc.a(lib_a-fini.o)
                0x00081974                __libc_fini_array
 .text.__register_exitproc
                0x000819a0       0xa4 c:/program files (x86)/atmel/studio/7.0/toolchain/arm/arm-gnu-toolchain/bin/../lib/gcc/arm-none-eabi/4.9.3/../../../../arm-none-eabi/lib/armv7-m\libc.a(lib_a-__atexit.o)
                0x000819a0                __register_exitproc
 *(.glue_7t)
 .glue_7t       0x00000000        0x0 linker stubs
 *(.glue_7)
 .glue_7        0x00000000        0x0 linker stubs
 *(.rodata .rodata* .gnu.linkonce.r.*)
 .rodata        0x00081a44       0x2a GccApplication1.o
 *fill*         0x00081a6e        0x2 
 .rodata        0x00081a70       0x50 UART.o
 .rodata.str1.4
                0x00081ac0        0x4 c:/program files (x86)/atmel/studio/7.0/toolchain/arm/arm-gnu-toolchain/bin/../lib/gcc/arm-none-eabi/4.9.3/../../../../arm-none-eabi/lib/armv7-m\libc.a(lib_a-impure.o)
                                  0x2 (size before relaxing)
 .rodata._global_impure_ptr
                0x00081ac4        0x4 c:/program files (x86)/atmel/studio/7.0/toolchain/arm/arm-gnu-toolchain/bin/../lib/gcc/arm-none-eabi/4.9.3/../../../../arm-none-eabi/lib/armv7-m\libc.a(lib_a-impure.o)
                0x00081ac4                _global_impure_ptr
 .rodata._ctype_
                0x00081ac8      0x101 c:/program files (x86)/atmel/studio/7.0/toolchain/arm/arm-gnu-toolchain/bin/../lib/gcc/arm-none-eabi/4.9.3/../../../../arm-none-eabi/lib/armv7-m\libc.a(lib_a-ctype_.o)
                0x00081ac8                _ctype_
 *(.ARM.extab* .gnu.linkonce.armextab.*)
                0x00081bcc                . = ALIGN (0x4)
 *fill*         0x00081bc9        0x3 
 *(.init)
 .init          0x00081bcc        0x4 c:/program files (x86)/atmel/studio/7.0/toolchain/arm/arm-gnu-toolchain/bin/../lib/gcc/arm-none-eabi/4.9.3/armv7-m/crti.o
                0x00081bcc                _init
 .init          0x00081bd0        0x8 c:/program files (x86)/atmel/studio/7.0/toolchain/arm/arm-gnu-toolchain/bin/../lib/gcc/arm-none-eabi/4.9.3/armv7-m/crtn.o
                0x00081bd8                . = ALIGN (0x4)
                0x00081bd8                __preinit_array_start = .
 *(.preinit_array)
                0x00081bd8                __preinit_array_end = .
                0x00081bd8                . = ALIGN (0x4)
                0x00081bd8                __init_array_start = .
 *(SORT(.init_array.*))
 .init_array.00000
                0x00081bd8        0x4 c:/program files (x86)/atmel/studio/7.0/toolchain/arm/arm-gnu-toolchain/bin/../lib/gcc/arm-none-eabi/4.9.3/../../../../arm-none-eabi/lib/armv7-m\libc.a(lib_a-__call_atexit.o)
 *(.init_array)
 .init_array    0x00081bdc        0x4 c:/program files (x86)/atmel/studio/7.0/toolchain/arm/arm-gnu-toolchain/bin/../lib/gcc/arm-none-eabi/4.9.3/armv7-m/crtbegin.o
                0x00081be0                __init_array_end = .
                0x00081be0                . = ALIGN (0x4)
 *crtbegin.o(.ctors)
 *(EXCLUDE_FILE(*crtend.o) .ctors)
 *(SORT(.ctors.*))
 *crtend.o(.ctors)
                0x00081be0                . = ALIGN (0x4)
 *(.fini)
 .fini          0x00081be0        0x4 c:/program files (x86)/atmel/studio/7.0/toolchain/arm/arm-gnu-toolchain/bin/../lib/gcc/arm-none-eabi/4.9.3/armv7-m/crti.o
                0x00081be0                _fini
 .fini          0x00081be4        0x8 c:/program files (x86)/atmel/studio/7.0/toolchain/arm/arm-gnu-toolchain/bin/../lib/gcc/arm-none-eabi/4.9.3/armv7-m/crtn.o
                0x00081bec                . = ALIGN (0x4)
                0x00081bec                __fini_array_start = .
 *(.fini_array)
 .fini_array    0x00081bec        0x4 c:/program files (x86)/atmel/studio/7.0/toolchain/arm/arm-gnu-toolchain/bin/../lib/gcc/arm-none-eabi/4.9.3/armv7-m/crtbegin.o
 *(SORT(.fini_array.*))
                0x00081bf0                __fini_array_end = .
 *crtbegin.o(.dtors)
 *(EXCLUDE_FILE(*crtend.o) .dtors)
 *(SORT(.dtors.*))
 *crtend.o(.dtors)
                0x00081bf0                . = ALIGN (0x4)
                0x00081bf0                _efixed = .
                0x00081bf0                PROVIDE (__exidx_start, .)

.vfp11_veneer   0x00081bf0        0x0
 .vfp11_veneer  0x00000000        0x0 linker stubs

.v4_bx          0x00081bf0        0x0
 .v4_bx         0x00000000        0x0 linker stubs

.iplt           0x00081bf0        0x0
 .iplt          0x00000000        0x0 c:/program files (x86)/atmel/studio/7.0/toolchain/arm/arm-gnu-toolchain/bin/../lib/gcc/arm-none-eabi/4.9.3/armv7-m/crtbegin.o

.eh_frame       0x00081bf0        0x0
 .eh_frame      0x00081bf0        0x0 c:/program files (x86)/atmel/studio/7.0/toolchain/arm/arm-gnu-toolchain/bin/../lib/gcc/arm-none-eabi/4.9.3/armv7-m/crtbegin.o

.rel.dyn        0x00081bf0        0x0
 .rel.iplt      0x00000000        0x0 c:/program files (x86)/atmel/studio/7.0/toolchain/arm/arm-gnu-toolchain/bin/../lib/gcc/arm-none-eabi/4.9.3/armv7-m/crtbegin.o

.jcr            0x00081bf0        0x0
 .jcr           0x00081bf0        0x0 c:/program files (x86)/atmel/studio/7.0/toolchain/arm/arm-gnu-toolchain/bin/../lib/gcc/arm-none-eabi/4.9.3/armv7-m/crtbegin.o

.igot.plt       0x00081bf0        0x0
 .igot.plt      0x00000000        0x0 c:/program files (x86)/atmel/studio/7.0/toolchain/arm/arm-gnu-toolchain/bin/../lib/gcc/arm-none-eabi/4.9.3/armv7-m/crtbegin.o

.ARM.exidx
 *(.ARM.exidx* .gnu.linkonce.armexidx.*)
                0x00081bf0                PROVIDE (__exidx_end, .)
                0x00081bf0                . = ALIGN (0x4)
                0x00081bf0                _etext = .

.relocate       0x20000000      0x438 load address 0x00081bf0
                0x20000000                . = ALIGN (0x4)
                0x20000000                _srelocate = .
 *(.ramfunc .ramfunc.*)
 *(.data .data.*)
 .data          0x20000000        0x4 Device_Startup/system_sam3xa.o
                0x20000000                SystemCoreClock
 *fill*         0x20000004        0x4 
 .data.impure_data
                0x20000008      0x428 c:/program files (x86)/atmel/studio/7.0/toolchain/arm/arm-gnu-toolchain/bin/../lib/gcc/arm-none-eabi/4.9.3/../../../../arm-none-eabi/lib/armv7-m\libc.a(lib_a-impure.o)
 .data._impure_ptr
                0x20000430        0x4 c:/program files (x86)/atmel/studio/7.0/toolchain/arm/arm-gnu-toolchain/bin/../lib/gcc/arm-none-eabi/4.9.3/../../../../arm-none-eabi/lib/armv7-m\libc.a(lib_a-impure.o)
                0x20000430                _impure_ptr
 .data.__ctype_ptr__
                0x20000434        0x4 c:/program files (x86)/atmel/studio/7.0/toolchain/arm/arm-gnu-toolchain/bin/../lib/gcc/arm-none-eabi/4.9.3/../../../../arm-none-eabi/lib/armv7-m\libc.a(lib_a-ctype_.o)
                0x20000434                __ctype_ptr__
                0x20000438                . = ALIGN (0x4)
                0x20000438                _erelocate = .

.bss            0x20000438       0x64 load address 0x00082028
                0x20000438                . = ALIGN (0x4)
                0x20000438                _sbss = .
                0x20000438                _szero = .
 *(.bss .bss.*)
 .bss           0x20000438       0x1c c:/program files (x86)/atmel/studio/7.0/toolchain/arm/arm-gnu-toolchain/bin/../lib/gcc/arm-none-eabi/4.9.3/armv7-m/crtbegin.o
 .bss           0x20000454        0x1 GccApplication1.o
                0x20000454                flag12
 .bss           0x20000455        0x2 TmrCfg.o
                0x20000455                iDelay
                0x20000456                iFlag
 *fill*         0x20000457        0x1 
 .bss           0x20000458        0x4 UART.o
 *(COMMON)
 COMMON         0x2000045c       0x18 Encoders.o
                0x2000045c                iEncoder_ST
                0x20000460                iEncoder_DR_current
                0x20000464                iEncoder_ST_current
                0x20000468                iSpeed_DR
                0x2000046c                iSpeed_ST
                0x20000470                iEncoder_DR
 COMMON         0x20000474        0x2 GccApplication1.o
                0x20000474                initializeMotors
                0x20000475                startStop_Camera
 *fill*         0x20000476        0x2 
 COMMON         0x20000478       0x24 UART.o
                0x20000478                newSpeed
                0x2000047c                buffer
                0x20000490                percentage_DR
                0x20000494                sign_DR
                0x20000495                sign_ST
                0x20000498                percentage_ST
                0x2000049c                . = ALIGN (0x4)
                0x2000049c                _ebss = .
                0x2000049c                _ezero = .

.stack          0x2000049c      0x404 load address 0x0008208c
                0x200004a0                . = ALIGN (0x8)
 *fill*         0x2000049c        0x4 
                0x200004a0                _sstack = .
                0x200008a0                . = (. + STACK_SIZE)
 *fill*         0x200004a0      0x400 
                0x200008a0                . = ALIGN (0x8)
                0x200008a0                _estack = .

.heap           0x200008a0      0x200 load address 0x00082490
                0x200008a0                . = ALIGN (0x8)
                0x200008a0                _sheap = .
                0x20000aa0                . = (. + HEAP_SIZE)
 *fill*         0x200008a0      0x200 
                0x20000aa0                . = ALIGN (0x8)
                0x20000aa0                _eheap = .
                0x20000aa0                . = ALIGN (0x4)
                0x20000aa0                _end = .
                0x20017fff                _ram_end_ = ((ORIGIN (ram) + 0x18000) - 0x1)
OUTPUT(GccApplication1.elf elf32-littlearm)

.ARM.attributes
                0x00000000       0x29
 .ARM.attributes
                0x00000000       0x1d c:/program files (x86)/atmel/studio/7.0/toolchain/arm/arm-gnu-toolchain/bin/../lib/gcc/arm-none-eabi/4.9.3/armv7-m/crti.o
 .ARM.attributes
                0x0000001d       0x2d c:/program files (x86)/atmel/studio/7.0/toolchain/arm/arm-gnu-toolchain/bin/../lib/gcc/arm-none-eabi/4.9.3/armv7-m/crtbegin.o
 .ARM.attributes
                0x0000004a       0x33 Device_Startup/startup_sam3xa.o
 .ARM.attributes
                0x0000007d       0x33 Device_Startup/system_sam3xa.o
 .ARM.attributes
                0x000000b0       0x33 Encoders.o
 .ARM.attributes
                0x000000e3       0x33 GccApplication1.o
 .ARM.attributes
                0x00000116       0x33 InitCfg.o
 .ARM.attributes
                0x00000149       0x33 MotorCtrl.o
 .ARM.attributes
                0x0000017c       0x33 TmrCfg.o
 .ARM.attributes
                0x000001af       0x33 UART.o
 .ARM.attributes
                0x000001e2       0x1d c:/program files (x86)/atmel/studio/7.0/toolchain/arm/arm-gnu-toolchain/bin/../lib/gcc/arm-none-eabi/4.9.3/armv7-m\libgcc.a(_arm_addsubdf3.o)
 .ARM.attributes
                0x000001ff       0x1d c:/program files (x86)/atmel/studio/7.0/toolchain/arm/arm-gnu-toolchain/bin/../lib/gcc/arm-none-eabi/4.9.3/armv7-m\libgcc.a(_arm_muldivdf3.o)
 .ARM.attributes
                0x0000021c       0x1d c:/program files (x86)/atmel/studio/7.0/toolchain/arm/arm-gnu-toolchain/bin/../lib/gcc/arm-none-eabi/4.9.3/armv7-m\libgcc.a(_arm_fixdfsi.o)
 .ARM.attributes
                0x00000239       0x2d c:/program files (x86)/atmel/studio/7.0/toolchain/arm/arm-gnu-toolchain/bin/../lib/gcc/arm-none-eabi/4.9.3/../../../../arm-none-eabi/lib/armv7-m\libc.a(lib_a-impure.o)
 .ARM.attributes
                0x00000266       0x2d c:/program files (x86)/atmel/studio/7.0/toolchain/arm/arm-gnu-toolchain/bin/../lib/gcc/arm-none-eabi/4.9.3/../../../../arm-none-eabi/lib/armv7-m\libc.a(lib_a-init.o)
 .ARM.attributes
                0x00000293       0x2d c:/program files (x86)/atmel/studio/7.0/toolchain/arm/arm-gnu-toolchain/bin/../lib/gcc/arm-none-eabi/4.9.3/../../../../arm-none-eabi/lib/armv7-m\libc.a(lib_a-memset.o)
 .ARM.attributes
                0x000002c0       0x2d c:/program files (x86)/atmel/studio/7.0/toolchain/arm/arm-gnu-toolchain/bin/../lib/gcc/arm-none-eabi/4.9.3/../../../../arm-none-eabi/lib/armv7-m\libc.a(lib_a-strlen.o)
 .ARM.attributes
                0x000002ed       0x2d c:/program files (x86)/atmel/studio/7.0/toolchain/arm/arm-gnu-toolchain/bin/../lib/gcc/arm-none-eabi/4.9.3/../../../../arm-none-eabi/lib/armv7-m\libc.a(lib_a-strtok.o)
 .ARM.attributes
                0x0000031a       0x2d c:/program files (x86)/atmel/studio/7.0/toolchain/arm/arm-gnu-toolchain/bin/../lib/gcc/arm-none-eabi/4.9.3/../../../../arm-none-eabi/lib/armv7-m\libc.a(lib_a-strtok_r.o)
 .ARM.attributes
                0x00000347       0x2d c:/program files (x86)/atmel/studio/7.0/toolchain/arm/arm-gnu-toolchain/bin/../lib/gcc/arm-none-eabi/4.9.3/../../../../arm-none-eabi/lib/armv7-m\libc.a(lib_a-strtol.o)
 .ARM.attributes
                0x00000374       0x2d c:/program files (x86)/atmel/studio/7.0/toolchain/arm/arm-gnu-toolchain/bin/../lib/gcc/arm-none-eabi/4.9.3/../../../../arm-none-eabi/lib/armv7-m\libc.a(lib_a-__call_atexit.o)
 .ARM.attributes
                0x000003a1       0x2d c:/program files (x86)/atmel/studio/7.0/toolchain/arm/arm-gnu-toolchain/bin/../lib/gcc/arm-none-eabi/4.9.3/../../../../arm-none-eabi/lib/armv7-m\libc.a(lib_a-atexit.o)
 .ARM.attributes
                0x000003ce       0x2d c:/program files (x86)/atmel/studio/7.0/toolchain/arm/arm-gnu-toolchain/bin/../lib/gcc/arm-none-eabi/4.9.3/../../../../arm-none-eabi/lib/armv7-m\libc.a(lib_a-ctype_.o)
 .ARM.attributes
                0x000003fb       0x2d c:/program files (x86)/atmel/studio/7.0/toolchain/arm/arm-gnu-toolchain/bin/../lib/gcc/arm-none-eabi/4.9.3/../../../../arm-none-eabi/lib/armv7-m\libc.a(lib_a-fini.o)
 .ARM.attributes
                0x00000428       0x2d c:/program files (x86)/atmel/studio/7.0/toolchain/arm/arm-gnu-toolchain/bin/../lib/gcc/arm-none-eabi/4.9.3/../../../../arm-none-eabi/lib/armv7-m\libc.a(lib_a-__atexit.o)
 .ARM.attributes
                0x00000455       0x1d c:/program files (x86)/atmel/studio/7.0/toolchain/arm/arm-gnu-toolchain/bin/../lib/gcc/arm-none-eabi/4.9.3/armv7-m/crtn.o

.comment        0x00000000       0x5b
 .comment       0x00000000       0x5b Device_Startup/startup_sam3xa.o
                                 0x5c (size before relaxing)
 .comment       0x00000000       0x5c Device_Startup/system_sam3xa.o
 .comment       0x00000000       0x5c Encoders.o
 .comment       0x00000000       0x5c GccApplication1.o
 .comment       0x00000000       0x5c InitCfg.o
 .comment       0x00000000       0x5c MotorCtrl.o
 .comment       0x00000000       0x5c TmrCfg.o
 .comment       0x00000000       0x5c UART.o

.debug_info     0x00000000     0x4468
 .debug_info    0x00000000      0x6e5 Device_Startup/startup_sam3xa.o
 .debug_info    0x000006e5      0x454 Device_Startup/system_sam3xa.o
 .debug_info    0x00000b39      0x57d Encoders.o
 .debug_info    0x000010b6      0x5f0 GccApplication1.o
 .debug_info    0x000016a6      0x9c4 InitCfg.o
 .debug_info    0x0000206a      0xd44 MotorCtrl.o
 .debug_info    0x00002dae      0x85f TmrCfg.o
 .debug_info    0x0000360d      0xe5b UART.o

.debug_abbrev   0x00000000      0xa1e
 .debug_abbrev  0x00000000      0x136 Device_Startup/startup_sam3xa.o
 .debug_abbrev  0x00000136       0xf5 Device_Startup/system_sam3xa.o
 .debug_abbrev  0x0000022b       0xf9 Encoders.o
 .debug_abbrev  0x00000324       0xfb GccApplication1.o
 .debug_abbrev  0x0000041f      0x13b InitCfg.o
 .debug_abbrev  0x0000055a      0x13c MotorCtrl.o
 .debug_abbrev  0x00000696      0x18d TmrCfg.o
 .debug_abbrev  0x00000823      0x1fb UART.o

.debug_loc      0x00000000      0x9b0
 .debug_loc     0x00000000       0x64 Device_Startup/startup_sam3xa.o
 .debug_loc     0x00000064       0xe4 Device_Startup/system_sam3xa.o
 .debug_loc     0x00000148       0xe4 Encoders.o
 .debug_loc     0x0000022c       0x58 GccApplication1.o
 .debug_loc     0x00000284       0x88 InitCfg.o
 .debug_loc     0x0000030c      0x200 MotorCtrl.o
 .debug_loc     0x0000050c      0x154 TmrCfg.o
 .debug_loc     0x00000660      0x350 UART.o

.debug_aranges  0x00000000      0x1d0
 .debug_aranges
                0x00000000       0x28 Device_Startup/startup_sam3xa.o
 .debug_aranges
                0x00000028       0x30 Device_Startup/system_sam3xa.o
 .debug_aranges
                0x00000058       0x30 Encoders.o
 .debug_aranges
                0x00000088       0x28 GccApplication1.o
 .debug_aranges
                0x000000b0       0x28 InitCfg.o
 .debug_aranges
                0x000000d8       0x50 MotorCtrl.o
 .debug_aranges
                0x00000128       0x40 TmrCfg.o
 .debug_aranges
                0x00000168       0x68 UART.o

.debug_ranges   0x00000000      0x150
 .debug_ranges  0x00000000       0x18 Device_Startup/startup_sam3xa.o
 .debug_ranges  0x00000018       0x20 Device_Startup/system_sam3xa.o
 .debug_ranges  0x00000038       0x20 Encoders.o
 .debug_ranges  0x00000058       0x18 GccApplication1.o
 .debug_ranges  0x00000070       0x18 InitCfg.o
 .debug_ranges  0x00000088       0x40 MotorCtrl.o
 .debug_ranges  0x000000c8       0x30 TmrCfg.o
 .debug_ranges  0x000000f8       0x58 UART.o

.debug_macro    0x00000000    0x11a8d
 .debug_macro   0x00000000      0x344 Device_Startup/startup_sam3xa.o
 .debug_macro   0x00000344      0x874 Device_Startup/startup_sam3xa.o
 .debug_macro   0x00000bb8       0x22 Device_Startup/startup_sam3xa.o
 .debug_macro   0x00000bda       0x44 Device_Startup/startup_sam3xa.o
 .debug_macro   0x00000c1e       0x58 Device_Startup/startup_sam3xa.o
 .debug_macro   0x00000c76       0x22 Device_Startup/startup_sam3xa.o
 .debug_macro   0x00000c98      0x1df Device_Startup/startup_sam3xa.o
 .debug_macro   0x00000e77       0x20 Device_Startup/startup_sam3xa.o
 .debug_macro   0x00000e97       0x3a Device_Startup/startup_sam3xa.o
 .debug_macro   0x00000ed1       0x2d Device_Startup/startup_sam3xa.o
 .debug_macro   0x00000efe      0xbb1 Device_Startup/startup_sam3xa.o
 .debug_macro   0x00001aaf      0xa7d Device_Startup/startup_sam3xa.o
 .debug_macro   0x0000252c      0x55a Device_Startup/startup_sam3xa.o
 .debug_macro   0x00002a86      0x1a8 Device_Startup/startup_sam3xa.o
 .debug_macro   0x00002c2e      0x30b Device_Startup/startup_sam3xa.o
 .debug_macro   0x00002f39      0x709 Device_Startup/startup_sam3xa.o
 .debug_macro   0x00003642       0xd6 Device_Startup/startup_sam3xa.o
 .debug_macro   0x00003718      0x56c Device_Startup/startup_sam3xa.o
 .debug_macro   0x00003c84       0x1c Device_Startup/startup_sam3xa.o
 .debug_macro   0x00003ca0      0x678 Device_Startup/startup_sam3xa.o
 .debug_macro   0x00004318      0x51e Device_Startup/startup_sam3xa.o
 .debug_macro   0x00004836       0xbe Device_Startup/startup_sam3xa.o
 .debug_macro   0x000048f4     0x2333 Device_Startup/startup_sam3xa.o
 .debug_macro   0x00006c27      0x7d1 Device_Startup/startup_sam3xa.o
 .debug_macro   0x000073f8      0xdbb Device_Startup/startup_sam3xa.o
 .debug_macro   0x000081b3       0x9a Device_Startup/startup_sam3xa.o
 .debug_macro   0x0000824d      0x29c Device_Startup/startup_sam3xa.o
 .debug_macro   0x000084e9       0x58 Device_Startup/startup_sam3xa.o
 .debug_macro   0x00008541      0x999 Device_Startup/startup_sam3xa.o
 .debug_macro   0x00008eda      0x22d Device_Startup/startup_sam3xa.o
 .debug_macro   0x00009107      0x4b4 Device_Startup/startup_sam3xa.o
 .debug_macro   0x000095bb      0x64a Device_Startup/startup_sam3xa.o
 .debug_macro   0x00009c05      0x590 Device_Startup/startup_sam3xa.o
 .debug_macro   0x0000a195       0x46 Device_Startup/startup_sam3xa.o
 .debug_macro   0x0000a1db      0x33f Device_Startup/startup_sam3xa.o
 .debug_macro   0x0000a51a      0x27e Device_Startup/startup_sam3xa.o
 .debug_macro   0x0000a798     0x14dc Device_Startup/startup_sam3xa.o
 .debug_macro   0x0000bc74      0x7cf Device_Startup/startup_sam3xa.o
 .debug_macro   0x0000c443       0x76 Device_Startup/startup_sam3xa.o
 .debug_macro   0x0000c4b9       0x82 Device_Startup/startup_sam3xa.o
 .debug_macro   0x0000c53b       0x76 Device_Startup/startup_sam3xa.o
 .debug_macro   0x0000c5b1       0x4c Device_Startup/startup_sam3xa.o
 .debug_macro   0x0000c5fd      0x100 Device_Startup/startup_sam3xa.o
 .debug_macro   0x0000c6fd      0x100 Device_Startup/startup_sam3xa.o
 .debug_macro   0x0000c7fd      0x100 Device_Startup/startup_sam3xa.o
 .debug_macro   0x0000c8fd       0x88 Device_Startup/startup_sam3xa.o
 .debug_macro   0x0000c985       0x88 Device_Startup/startup_sam3xa.o
 .debug_macro   0x0000ca0d      0x3b4 Device_Startup/startup_sam3xa.o
 .debug_macro   0x0000cdc1       0xbe Device_Startup/startup_sam3xa.o
 .debug_macro   0x0000ce7f       0xbe Device_Startup/startup_sam3xa.o
 .debug_macro   0x0000cf3d       0xbe Device_Startup/startup_sam3xa.o
 .debug_macro   0x0000cffb       0xbe Device_Startup/startup_sam3xa.o
 .debug_macro   0x0000d0b9      0x2b8 Device_Startup/startup_sam3xa.o
 .debug_macro   0x0000d371      0x118 Device_Startup/startup_sam3xa.o
 .debug_macro   0x0000d489      0x216 Device_Startup/startup_sam3xa.o
 .debug_macro   0x0000d69f      0x216 Device_Startup/startup_sam3xa.o
 .debug_macro   0x0000d8b5       0x2e Device_Startup/startup_sam3xa.o
 .debug_macro   0x0000d8e3       0xac Device_Startup/startup_sam3xa.o
 .debug_macro   0x0000d98f      0x13e Device_Startup/startup_sam3xa.o
 .debug_macro   0x0000dacd       0x7c Device_Startup/startup_sam3xa.o
 .debug_macro   0x0000db49      0x1f6 Device_Startup/startup_sam3xa.o
 .debug_macro   0x0000dd3f       0x64 Device_Startup/startup_sam3xa.o
 .debug_macro   0x0000dda3       0xa6 Device_Startup/startup_sam3xa.o
 .debug_macro   0x0000de49       0x7c Device_Startup/startup_sam3xa.o
 .debug_macro   0x0000dec5       0x16 Device_Startup/startup_sam3xa.o
 .debug_macro   0x0000dedb       0x22 Device_Startup/startup_sam3xa.o
 .debug_macro   0x0000defd       0x22 Device_Startup/startup_sam3xa.o
 .debug_macro   0x0000df1f      0x10c Device_Startup/startup_sam3xa.o
 .debug_macro   0x0000e02b      0x10c Device_Startup/startup_sam3xa.o
 .debug_macro   0x0000e137      0x10c Device_Startup/startup_sam3xa.o
 .debug_macro   0x0000e243      0x10c Device_Startup/startup_sam3xa.o
 .debug_macro   0x0000e34f       0x1c Device_Startup/startup_sam3xa.o
 .debug_macro   0x0000e36b       0x2e Device_Startup/startup_sam3xa.o
 .debug_macro   0x0000e399       0x22 Device_Startup/startup_sam3xa.o
 .debug_macro   0x0000e3bb       0x1c Device_Startup/startup_sam3xa.o
 .debug_macro   0x0000e3d7       0x58 Device_Startup/startup_sam3xa.o
 .debug_macro   0x0000e42f       0x10 Device_Startup/startup_sam3xa.o
 .debug_macro   0x0000e43f      0x27a Device_Startup/startup_sam3xa.o
 .debug_macro   0x0000e6b9      0xd34 Device_Startup/startup_sam3xa.o
 .debug_macro   0x0000f3ed      0x170 Device_Startup/startup_sam3xa.o
 .debug_macro   0x0000f55d      0x356 Device_Startup/system_sam3xa.o
 .debug_macro   0x0000f8b3      0x36b Encoders.o
 .debug_macro   0x0000fc1e       0x22 Encoders.o
 .debug_macro   0x0000fc40      0x4b7 GccApplication1.o
 .debug_macro   0x000100f7       0x58 GccApplication1.o
 .debug_macro   0x0001014f       0x35 GccApplication1.o
 .debug_macro   0x00010184       0x9c GccApplication1.o
 .debug_macro   0x00010220       0x16 GccApplication1.o
 .debug_macro   0x00010236       0x97 GccApplication1.o
 .debug_macro   0x000102cd      0x29d GccApplication1.o
 .debug_macro   0x0001056a       0xef GccApplication1.o
 .debug_macro   0x00010659       0x10 GccApplication1.o
 .debug_macro   0x00010669       0x52 GccApplication1.o
 .debug_macro   0x000106bb       0x16 GccApplication1.o
 .debug_macro   0x000106d1       0x43 GccApplication1.o
 .debug_macro   0x00010714      0x180 GccApplication1.o
 .debug_macro   0x00010894       0x10 GccApplication1.o
 .debug_macro   0x000108a4       0x22 GccApplication1.o
 .debug_macro   0x000108c6       0xbe GccApplication1.o
 .debug_macro   0x00010984       0x16 GccApplication1.o
 .debug_macro   0x0001099a      0x197 GccApplication1.o
 .debug_macro   0x00010b31       0x16 GccApplication1.o
 .debug_macro   0x00010b47       0x35 GccApplication1.o
 .debug_macro   0x00010b7c       0x16 GccApplication1.o
 .debug_macro   0x00010b92       0x16 GccApplication1.o
 .debug_macro   0x00010ba8       0x29 GccApplication1.o
 .debug_macro   0x00010bd1      0x354 InitCfg.o
 .debug_macro   0x00010f25      0x383 MotorCtrl.o
 .debug_macro   0x000112a8      0x34e TmrCfg.o
 .debug_macro   0x000115f6      0x497 UART.o

.debug_line     0x00000000     0x3c82
 .debug_line    0x00000000      0x6f5 Device_Startup/startup_sam3xa.o
 .debug_line    0x000006f5      0x76c Device_Startup/system_sam3xa.o
 .debug_line    0x00000e61      0x721 Encoders.o
 .debug_line    0x00001582      0x827 GccApplication1.o
 .debug_line    0x00001da9      0x70b InitCfg.o
 .debug_line    0x000024b4      0x7ac MotorCtrl.o
 .debug_line    0x00002c60      0x720 TmrCfg.o
 .debug_line    0x00003380      0x902 UART.o

.debug_str      0x00000000    0x523ec
 .debug_str     0x00000000    0x4e517 Device_Startup/startup_sam3xa.o
                              0x4e6ca (size before relaxing)
 .debug_str     0x0004e517      0x2d7 Device_Startup/system_sam3xa.o
                              0x4e494 (size before relaxing)
 .debug_str     0x0004e7ee      0x29d Encoders.o
                              0x4e4da (size before relaxing)
 .debug_str     0x0004ea8b     0x31a2 GccApplication1.o
                              0x516c9 (size before relaxing)
 .debug_str     0x00051c2d      0x2cf InitCfg.o
                              0x4e797 (size before relaxing)
 .debug_str     0x00051efc      0x2b6 MotorCtrl.o
                              0x4e84d (size before relaxing)
 .debug_str     0x000521b2       0xec TmrCfg.o
                              0x4e6a6 (size before relaxing)
 .debug_str     0x0005229e      0x14e UART.o
                              0x51b45 (size before relaxing)

.debug_frame    0x00000000      0x730
 .debug_frame   0x00000000       0x48 Device_Startup/startup_sam3xa.o
 .debug_frame   0x00000048       0x78 Device_Startup/system_sam3xa.o
 .debug_frame   0x000000c0       0x78 Encoders.o
 .debug_frame   0x00000138       0x48 GccApplication1.o
 .debug_frame   0x00000180       0x54 InitCfg.o
 .debug_frame   0x000001d4      0x108 MotorCtrl.o
 .debug_frame   0x000002dc       0xb8 TmrCfg.o
 .debug_frame   0x00000394      0x188 UART.o
 .debug_frame   0x0000051c       0x2c c:/program files (x86)/atmel/studio/7.0/toolchain/arm/arm-gnu-toolchain/bin/../lib/gcc/arm-none-eabi/4.9.3/../../../../arm-none-eabi/lib/armv7-m\libc.a(lib_a-init.o)
 .debug_frame   0x00000548       0x34 c:/program files (x86)/atmel/studio/7.0/toolchain/arm/arm-gnu-toolchain/bin/../lib/gcc/arm-none-eabi/4.9.3/../../../../arm-none-eabi/lib/armv7-m\libc.a(lib_a-memset.o)
 .debug_frame   0x0000057c       0x20 c:/program files (x86)/atmel/studio/7.0/toolchain/arm/arm-gnu-toolchain/bin/../lib/gcc/arm-none-eabi/4.9.3/../../../../arm-none-eabi/lib/armv7-m\libc.a(lib_a-strlen.o)
 .debug_frame   0x0000059c       0x20 c:/program files (x86)/atmel/studio/7.0/toolchain/arm/arm-gnu-toolchain/bin/../lib/gcc/arm-none-eabi/4.9.3/../../../../arm-none-eabi/lib/armv7-m\libc.a(lib_a-strtok.o)
 .debug_frame   0x000005bc       0x48 c:/program files (x86)/atmel/studio/7.0/toolchain/arm/arm-gnu-toolchain/bin/../lib/gcc/arm-none-eabi/4.9.3/../../../../arm-none-eabi/lib/armv7-m\libc.a(lib_a-strtok_r.o)
 .debug_frame   0x00000604       0x54 c:/program files (x86)/atmel/studio/7.0/toolchain/arm/arm-gnu-toolchain/bin/../lib/gcc/arm-none-eabi/4.9.3/../../../../arm-none-eabi/lib/armv7-m\libc.a(lib_a-strtol.o)
 .debug_frame   0x00000658       0x50 c:/program files (x86)/atmel/studio/7.0/toolchain/arm/arm-gnu-toolchain/bin/../lib/gcc/arm-none-eabi/4.9.3/../../../../arm-none-eabi/lib/armv7-m\libc.a(lib_a-__call_atexit.o)
 .debug_frame   0x000006a8       0x20 c:/program files (x86)/atmel/studio/7.0/toolchain/arm/arm-gnu-toolchain/bin/../lib/gcc/arm-none-eabi/4.9.3/../../../../arm-none-eabi/lib/armv7-m\libc.a(lib_a-atexit.o)
 .debug_frame   0x000006c8       0x34 c:/program files (x86)/atmel/studio/7.0/toolchain/arm/arm-gnu-toolchain/bin/../lib/gcc/arm-none-eabi/4.9.3/../../../../arm-none-eabi/lib/armv7-m\libc.a(lib_a-fini.o)
 .debug_frame   0x000006fc       0x34 c:/program files (x86)/atmel/studio/7.0/toolchain/arm/arm-gnu-toolchain/bin/../lib/gcc/arm-none-eabi/4.9.3/../../../../arm-none-eabi/lib/armv7-m\libc.a(lib_a-__atexit.o)
